Archive member included to satisfy reference by file (symbol)

core/libcore.a(tag.c.obj)     CMakeFiles/InterruptActionSolution.dir/lib/schedule.c.obj (lf_time_logical)
core/libcore.a(reactor_common.c.obj)
                              CMakeFiles/InterruptActionSolution.dir/_interruptactionsolution_main.c.obj (_lf_new_reactor)
core/libcore.a(lf_token.c.obj)
                              CMakeFiles/InterruptActionSolution.dir/InterruptActionSolution.c.obj (_lf_initialize_template)
core/libcore.a(environment.c.obj)
                              core/libcore.a(reactor_common.c.obj) (environment_free)
core/libcore.a(reactor.c.obj)
                              core/libcore.a(reactor_common.c.obj) (_lf_trigger_reaction)
core/libcore.a(vector.c.obj)  core/libcore.a(reactor_common.c.obj) (vector_at)
core/libcore.a(pqueue.c.obj)  core/libcore.a(environment.c.obj) (pqueue_init)
core/libcore.a(util.c.obj)    core/libcore.a(reactor_common.c.obj) (lf_print)
core/libcore.a(hashset.c.obj)
                              core/libcore.a(lf_token.c.obj) (hashset_num_items)
core/libcore.a(hashset_itr.c.obj)
                              core/libcore.a(lf_token.c.obj) (hashset_iterator)
core/libcore.a(lf_rp2040_support.c.obj)
                              core/libcore.a(reactor.c.obj) (_lf_initialize_clock)
/usr/lib/gcc/arm-none-eabi/10.3.1/thumb/v6-m/nofp/libgcc.a(_dvmd_tls.o)
                              CMakeFiles/InterruptActionSolution.dir/home/foobar/pico-sdk/src/rp2_common/pico_divider/divider.S.obj (__aeabi_idiv0)
/usr/lib/gcc/arm-none-eabi/10.3.1/../../../arm-none-eabi/lib/thumb/v6-m/nofp/libc.a(lib_a-atexit.o)
                              /usr/lib/gcc/arm-none-eabi/10.3.1/../../../arm-none-eabi/lib/thumb/v6-m/nofp/crt0.o (atexit)
/usr/lib/gcc/arm-none-eabi/10.3.1/../../../arm-none-eabi/lib/thumb/v6-m/nofp/libc.a(lib_a-atoi.o)
                              core/libcore.a(reactor_common.c.obj) (atoi)
/usr/lib/gcc/arm-none-eabi/10.3.1/../../../arm-none-eabi/lib/thumb/v6-m/nofp/libc.a(lib_a-atoll.o)
                              core/libcore.a(reactor_common.c.obj) (atoll)
/usr/lib/gcc/arm-none-eabi/10.3.1/../../../arm-none-eabi/lib/thumb/v6-m/nofp/libc.a(lib_a-calloc.o)
                              CMakeFiles/InterruptActionSolution.dir/home/foobar/pico-sdk/src/rp2_common/pico_malloc/pico_malloc.c.obj (calloc)
/usr/lib/gcc/arm-none-eabi/10.3.1/../../../arm-none-eabi/lib/thumb/v6-m/nofp/libc.a(lib_a-callocr.o)
                              /usr/lib/gcc/arm-none-eabi/10.3.1/../../../arm-none-eabi/lib/thumb/v6-m/nofp/libc.a(lib_a-calloc.o) (_calloc_r)
/usr/lib/gcc/arm-none-eabi/10.3.1/../../../arm-none-eabi/lib/thumb/v6-m/nofp/libc.a(lib_a-fini.o)
                              /usr/lib/gcc/arm-none-eabi/10.3.1/../../../arm-none-eabi/lib/thumb/v6-m/nofp/crt0.o (__libc_fini_array)
/usr/lib/gcc/arm-none-eabi/10.3.1/../../../arm-none-eabi/lib/thumb/v6-m/nofp/libc.a(lib_a-impure.o)
                              core/libcore.a(util.c.obj) (_impure_ptr)
/usr/lib/gcc/arm-none-eabi/10.3.1/../../../arm-none-eabi/lib/thumb/v6-m/nofp/libc.a(lib_a-init.o)
                              /usr/lib/gcc/arm-none-eabi/10.3.1/../../../arm-none-eabi/lib/thumb/v6-m/nofp/crt0.o (__libc_init_array)
/usr/lib/gcc/arm-none-eabi/10.3.1/../../../arm-none-eabi/lib/thumb/v6-m/nofp/libc.a(lib_a-malloc.o)
                              CMakeFiles/InterruptActionSolution.dir/home/foobar/pico-sdk/src/rp2_common/pico_malloc/pico_malloc.c.obj (malloc)
/usr/lib/gcc/arm-none-eabi/10.3.1/../../../arm-none-eabi/lib/thumb/v6-m/nofp/libc.a(lib_a-mallocr.o)
                              /usr/lib/gcc/arm-none-eabi/10.3.1/../../../arm-none-eabi/lib/thumb/v6-m/nofp/libc.a(lib_a-callocr.o) (_malloc_r)
/usr/lib/gcc/arm-none-eabi/10.3.1/../../../arm-none-eabi/lib/thumb/v6-m/nofp/libc.a(lib_a-mlock.o)
                              /usr/lib/gcc/arm-none-eabi/10.3.1/../../../arm-none-eabi/lib/thumb/v6-m/nofp/libc.a(lib_a-mallocr.o) (__malloc_lock)
/usr/lib/gcc/arm-none-eabi/10.3.1/../../../arm-none-eabi/lib/thumb/v6-m/nofp/libc.a(lib_a-realloc.o)
                              CMakeFiles/InterruptActionSolution.dir/home/foobar/pico-sdk/src/rp2_common/pico_malloc/pico_malloc.c.obj (realloc)
/usr/lib/gcc/arm-none-eabi/10.3.1/../../../arm-none-eabi/lib/thumb/v6-m/nofp/libc.a(lib_a-reallocr.o)
                              /usr/lib/gcc/arm-none-eabi/10.3.1/../../../arm-none-eabi/lib/thumb/v6-m/nofp/libc.a(lib_a-realloc.o) (_realloc_r)
/usr/lib/gcc/arm-none-eabi/10.3.1/../../../arm-none-eabi/lib/thumb/v6-m/nofp/libc.a(lib_a-sbrkr.o)
                              /usr/lib/gcc/arm-none-eabi/10.3.1/../../../arm-none-eabi/lib/thumb/v6-m/nofp/libc.a(lib_a-mallocr.o) (_sbrk_r)
/usr/lib/gcc/arm-none-eabi/10.3.1/../../../arm-none-eabi/lib/thumb/v6-m/nofp/libc.a(lib_a-strcmp.o)
                              core/libcore.a(reactor_common.c.obj) (strcmp)
/usr/lib/gcc/arm-none-eabi/10.3.1/../../../arm-none-eabi/lib/thumb/v6-m/nofp/libc.a(lib_a-strlen-stub.o)
[...]
Memory Configuration

Name             Origin             Length             Attributes
FLASH            0x0000000010000000 0x0000000000200000 xr
RAM              0x0000000020000000 0x0000000000040000 xrw
SCRATCH_X        0x0000000020040000 0x0000000000001000 xrw
SCRATCH_Y        0x0000000020041000 0x0000000000001000 xrw
*default*        0x0000000000000000 0xffffffffffffffff

Linker script and memory map

LOAD /usr/lib/gcc/arm-none-eabi/10.3.1/thumb/v6-m/nofp/crti.o
LOAD /usr/lib/gcc/arm-none-eabi/10.3.1/thumb/v6-m/nofp/crtbegin.o
LOAD /usr/lib/gcc/arm-none-eabi/10.3.1/../../../arm-none-eabi/lib/thumb/v6-m/nofp/crt0.o

.flash_begin    0x0000000010000000        0x0
                0x0000000010000000                __flash_binary_start = .

.boot2          0x0000000010000000      0x100
                0x0000000010000000                __boot2_start__ = .
 *(.boot2)
 .boot2         0x0000000010000000      0x100 /tmp/ccHW9qhx.o
                0x0000000010000100                __boot2_end__ = .
                0x0000000000000001                ASSERT (((__boot2_end__ - __boot2_start__) == 0x100), ERROR: Pico second stage bootloader must be 256 bytes in size)

.text           0x0000000010000100     0xf2b8
                0x0000000010000100                __logical_binary_start = .
 *(.vectors)
 .vectors       0x0000000010000100       0xd4 CMakeFiles/InterruptActionSolution.dir/home/foobar/pico-sdk/src/rp2_common/pico_standard_link/crt0.S.obj
                0x0000000010000100                __vectors
                0x0000000010000100                __VECTOR_TABLE
                0x00000000100001c0                isr_invalid
                0x00000000100001c0                __default_isrs_start
                0x00000000100001c2                isr_nmi
                0x00000000100001c4                isr_hardfault
                0x00000000100001c6                isr_svcall
                0x00000000100001c8                isr_pendsv
                0x00000000100001ca                isr_systick
                0x00000000100001cc                isr_irq30
                0x00000000100001cc                __unhandled_user_irq
                0x00000000100001cc                isr_irq13
                0x00000000100001cc                isr_irq27
                0x00000000100001cc                isr_irq31
                0x00000000100001cc                isr_irq5
                0x00000000100001cc                isr_irq11
                0x00000000100001cc                isr_irq23
                0x00000000100001cc                isr_irq18
                0x00000000100001cc                isr_irq28
                0x00000000100001cc                isr_irq19
                0x00000000100001cc                isr_irq0
                0x00000000100001cc                isr_irq6
                0x00000000100001cc                isr_irq22
                0x00000000100001cc                isr_irq17
                0x00000000100001cc                isr_irq14
                0x00000000100001cc                isr_irq2
                0x00000000100001cc                isr_irq10
                0x00000000100001cc                isr_irq8
                0x00000000100001cc                isr_irq24
                0x00000000100001cc                isr_irq1
                0x00000000100001cc                isr_irq7
                0x00000000100001cc                isr_irq21
                0x00000000100001cc                isr_irq20
                0x00000000100001cc                isr_irq15
                0x00000000100001cc                isr_irq25
                0x00000000100001cc                isr_irq4
                0x00000000100001cc                isr_irq16
                0x00000000100001cc                isr_irq29
                0x00000000100001cc                isr_irq26
                0x00000000100001cc                __default_isrs_end
                0x00000000100001cc                isr_irq3
                0x00000000100001cc                isr_irq12
                0x00000000100001cc                isr_irq9
                0x00000000100001d2                unhandled_user_irq_num_in_r0
 *(.binary_info_header)
 .binary_info_header
                0x00000000100001d4       0x14 CMakeFiles/InterruptActionSolution.dir/home/foobar/pico-sdk/src/rp2_common/pico_standard_link/crt0.S.obj
                0x00000000100001e8                __binary_info_header_end = .
 *(.reset)
 .reset         0x00000000100001e8       0xa0 CMakeFiles/InterruptActionSolution.dir/home/foobar/pico-sdk/src/rp2_common/pico_standard_link/crt0.S.obj
                0x00000000100001e8                _entry_point
 .reset         0x0000000010000288       0x30 CMakeFiles/InterruptActionSolution.dir/home/foobar/pico-sdk/src/rp2_common/pico_standard_link/binary_info.c.obj
 *(.init)
 .init          0x00000000100002b8        0x4 /usr/lib/gcc/arm-none-eabi/10.3.1/thumb/v6-m/nofp/crti.o
                0x00000000100002b8                _init
 *(EXCLUDE_FILE(*libm.a: *libc.a:*lib_a-mem*.o *libgcc.a:) .text*)
 .text          0x00000000100002bc       0x98 /usr/lib/gcc/arm-none-eabi/10.3.1/thumb/v6-m/nofp/crtbegin.o
 .text.lf_schedule
                0x0000000010000354       0x10 CMakeFiles/InterruptActionSolution.dir/lib/schedule.c.obj
                0x0000000010000354                lf_schedule
 .text.callback
                0x0000000010000364       0x14 CMakeFiles/InterruptActionSolution.dir/_interruptactionsolution_main.c.obj
                0x0000000010000364                callback
 .text._interruptactionsolution_mainreaction_function_0
                0x0000000010000378       0x30 CMakeFiles/InterruptActionSolution.dir/_interruptactionsolution_main.c.obj
                0x0000000010000378                _interruptactionsolution_mainreaction_function_0
 .text._interruptactionsolution_mainreaction_function_1
                0x00000000100003a8       0x48 CMakeFiles/InterruptActionSolution.dir/_interruptactionsolution_main.c.obj
                0x00000000100003a8                _interruptactionsolution_mainreaction_function_1
 .text.new__interruptactionsolution_main
                0x00000000100003f0       0x98 CMakeFiles/InterruptActionSolution.dir/_interruptactionsolution_main.c.obj
                0x00000000100003f0                new__interruptactionsolution_main
 .text.startup.main
                0x0000000010000488        0xc CMakeFiles/InterruptActionSolution.dir/InterruptActionSolution.c.obj
                0x0000000010000488                main
 .text._lf_set_default_command_line_options
                0x0000000010000494       0x1c CMakeFiles/InterruptActionSolution.dir/InterruptActionSolution.c.obj
                0x0000000010000494                _lf_set_default_command_line_options
 .text._lf_create_environments
                0x00000000100004b0       0x30 CMakeFiles/InterruptActionSolution.dir/InterruptActionSolution.c.obj
                0x00000000100004b0                _lf_create_environments
 .text._lf_get_environments
                0x00000000100004e0        0xc CMakeFiles/InterruptActionSolution.dir/InterruptActionSolution.c.obj
                0x00000000100004e0                _lf_get_environments
 .text._lf_initialize_trigger_objects
                0x00000000100004ec       0x9c CMakeFiles/InterruptActionSolution.dir/InterruptActionSolution.c.obj
                0x00000000100004ec                _lf_initialize_trigger_objects
 .text.terminate_execution
                0x0000000010000588        0x4 CMakeFiles/InterruptActionSolution.dir/InterruptActionSolution.c.obj
                0x0000000010000588                terminate_execution
 .text.gpio_default_irq_handler
                0x000000001000058c      0x248 CMakeFiles/InterruptActionSolution.dir/home/foobar/pico-sdk/src/rp2_common/hardware_gpio/gpio.c.obj
 .text.gpio_set_irq_enabled_with_callback
                0x00000000100007d4       0xb0 CMakeFiles/InterruptActionSolution.dir/home/foobar/pico-sdk/src/rp2_common/hardware_gpio/gpio.c.obj
                0x00000000100007d4                gpio_set_irq_enabled_with_callback
 .text.gpio_init
                0x0000000010000884       0x3c CMakeFiles/InterruptActionSolution.dir/home/foobar/pico-sdk/src/rp2_common/hardware_gpio/gpio.c.obj
                0x0000000010000884                gpio_init
 .text.running_on_fpga
                0x00000000100008c0       0x10 CMakeFiles/InterruptActionSolution.dir/home/foobar/pico-sdk/src/rp2_common/pico_platform/platform.c.obj
                0x00000000100008c0                running_on_fpga
 .text.hw_claim_or_assert
                0x00000000100008d0       0x44 CMakeFiles/InterruptActionSolution.dir/home/foobar/pico-sdk/src/rp2_common/hardware_claim/claim.c.obj
                0x00000000100008d0                hw_claim_or_assert
 .text.hw_claim_unused_from_range
                0x0000000010000914       0x9c CMakeFiles/InterruptActionSolution.dir/home/foobar/pico-sdk/src/rp2_common/hardware_claim/claim.c.obj
                0x0000000010000914                hw_claim_unused_from_range
 .text.spin_locks_reset
                0x00000000100009b0       0x1c CMakeFiles/InterruptActionSolution.dir/home/foobar/pico-sdk/src/rp2_common/hardware_sync/sync.c.obj
                0x00000000100009b0                spin_locks_reset
 .text.next_striped_spin_lock_num
                0x00000000100009cc       0x18 CMakeFiles/InterruptActionSolution.dir/home/foobar/pico-sdk/src/rp2_common/hardware_sync/sync.c.obj
                0x00000000100009cc                next_striped_spin_lock_num
 .text.spin_lock_claim_unused
                0x00000000100009e4       0x20 CMakeFiles/InterruptActionSolution.dir/home/foobar/pico-sdk/src/rp2_common/hardware_sync/sync.c.obj
                0x00000000100009e4                spin_lock_claim_unused
 .text.irq_set_enabled
                0x0000000010000a04       0x24 CMakeFiles/InterruptActionSolution.dir/home/foobar/pico-sdk/src/rp2_common/hardware_irq/irq.c.obj
                0x0000000010000a04                irq_set_enabled
 .text.irq_set_pending
                0x0000000010000a28       0x10 CMakeFiles/InterruptActionSolution.dir/home/foobar/pico-sdk/src/rp2_common/hardware_irq/irq.c.obj
                0x0000000010000a28                irq_set_pending
 .text.irq_has_shared_handler
                0x0000000010000a38       0x2c CMakeFiles/InterruptActionSolution.dir/home/foobar/pico-sdk/src/rp2_common/hardware_irq/irq.c.obj
                0x0000000010000a38                irq_has_shared_handler
 .text.irq_get_vtable_handler
                0x0000000010000a64       0x10 CMakeFiles/InterruptActionSolution.dir/home/foobar/pico-sdk/src/rp2_common/hardware_irq/irq.c.obj
                0x0000000010000a64                irq_get_vtable_handler
 .text.irq_set_exclusive_handler
                0x0000000010000a74       0x54 CMakeFiles/InterruptActionSolution.dir/home/foobar/pico-sdk/src/rp2_common/hardware_irq/irq.c.obj
                0x0000000010000a74                irq_set_exclusive_handler
 .text.irq_add_shared_handler
                0x0000000010000ac8      0x1e8 CMakeFiles/InterruptActionSolution.dir/home/foobar/pico-sdk/src/rp2_common/hardware_irq/irq.c.obj
                0x0000000010000ac8                irq_add_shared_handler
 .text.irq_remove_handler
                0x0000000010000cb0      0x1b0 CMakeFiles/InterruptActionSolution.dir/home/foobar/pico-sdk/src/rp2_common/hardware_irq/irq.c.obj
                0x0000000010000cb0                irq_remove_handler
 .text.irq_add_tail_to_free_list
                0x0000000010000e60       0xb4 CMakeFiles/InterruptActionSolution.dir/home/foobar/pico-sdk/src/rp2_common/hardware_irq/irq.c.obj
                0x0000000010000e60                irq_add_tail_to_free_list
 .text.irq_init_priorities
                0x0000000010000f14       0x24 CMakeFiles/InterruptActionSolution.dir/home/foobar/pico-sdk/src/rp2_common/hardware_irq/irq.c.obj
                0x0000000010000f14                irq_init_priorities
 .text.user_irq_claim_unused
                0x0000000010000f38       0x28 CMakeFiles/InterruptActionSolution.dir/home/foobar/pico-sdk/src/rp2_common/hardware_irq/irq.c.obj
                0x0000000010000f38                user_irq_claim_unused
 .text.sem_init
                0x0000000010000f60       0x20 CMakeFiles/InterruptActionSolution.dir/home/foobar/pico-sdk/src/common/pico_sync/sem.c.obj
                0x0000000010000f60                sem_init
 .text.lock_init
                0x0000000010000f80       0x10 CMakeFiles/InterruptActionSolution.dir/home/foobar/pico-sdk/src/common/pico_sync/lock_core.c.obj
                0x0000000010000f80                lock_init
 .text.mutex_init
                0x0000000010000f90       0x1c CMakeFiles/InterruptActionSolution.dir/home/foobar/pico-sdk/src/common/pico_sync/mutex.c.obj
                0x0000000010000f90                mutex_init
 .text.recursive_mutex_init
                0x0000000010000fac       0x1c CMakeFiles/InterruptActionSolution.dir/home/foobar/pico-sdk/src/common/pico_sync/mutex.c.obj
                0x0000000010000fac                recursive_mutex_init
 .text.critical_section_init
                0x0000000010000fc8       0x20 CMakeFiles/InterruptActionSolution.dir/home/foobar/pico-sdk/src/common/pico_sync/critical_section.c.obj
                0x0000000010000fc8                critical_section_init
 .text.critical_section_init_with_lock_num
                0x0000000010000fe8       0x14 CMakeFiles/InterruptActionSolution.dir/home/foobar/pico-sdk/src/common/pico_sync/critical_section.c.obj
                0x0000000010000fe8                critical_section_init_with_lock_num
 .text.timer_pool_entry_comparator
                0x0000000010000ffc       0x34 CMakeFiles/InterruptActionSolution.dir/home/foobar/pico-sdk/src/common/pico_time/time.c.obj
                0x0000000010000ffc                timer_pool_entry_comparator
 .text.sleep_until_callback
                0x0000000010001030       0x30 CMakeFiles/InterruptActionSolution.dir/home/foobar/pico-sdk/src/common/pico_time/time.c.obj
 .text.add_alarm_under_lock.isra.0
                0x0000000010001060      0x100 CMakeFiles/InterruptActionSolution.dir/home/foobar/pico-sdk/src/common/pico_time/time.c.obj
 .text.alarm_pool_alarm_callback
                0x0000000010001160      0x1bc CMakeFiles/InterruptActionSolution.dir/home/foobar/pico-sdk/src/common/pico_time/time.c.obj
 .text.alarm_pool_init_default
                0x000000001000131c       0x6c CMakeFiles/InterruptActionSolution.dir/home/foobar/pico-sdk/src/common/pico_time/time.c.obj
                0x000000001000131c                alarm_pool_init_default
 .text.alarm_pool_get_default
                0x0000000010001388        0x8 CMakeFiles/InterruptActionSolution.dir/home/foobar/pico-sdk/src/common/pico_time/time.c.obj
                0x0000000010001388                alarm_pool_get_default
 .text.alarm_pool_add_alarm_at
                0x0000000010001390      0x178 CMakeFiles/InterruptActionSolution.dir/home/foobar/pico-sdk/src/common/pico_time/time.c.obj
                0x0000000010001390                alarm_pool_add_alarm_at
 .text.alarm_pool_core_num
                0x0000000010001508        0x4 CMakeFiles/InterruptActionSolution.dir/home/foobar/pico-sdk/src/common/pico_time/time.c.obj
                0x0000000010001508                alarm_pool_core_num
 .text.best_effort_wfe_or_timeout
                0x000000001000150c       0xd4 CMakeFiles/InterruptActionSolution.dir/home/foobar/pico-sdk/src/common/pico_time/time.c.obj
                0x000000001000150c                best_effort_wfe_or_timeout
 .text.hardware_alarm_irq_handler
                0x00000000100015e0       0xbc CMakeFiles/InterruptActionSolution.dir/home/foobar/pico-sdk/src/rp2_common/hardware_timer/timer.c.obj
 .text.hardware_alarm_claim
                0x000000001000169c       0x18 CMakeFiles/InterruptActionSolution.dir/home/foobar/pico-sdk/src/rp2_common/hardware_timer/timer.c.obj
                0x000000001000169c                hardware_alarm_claim
 .text.time_us_64
                0x00000000100016b4       0x14 CMakeFiles/InterruptActionSolution.dir/home/foobar/pico-sdk/src/rp2_common/hardware_timer/timer.c.obj
                0x00000000100016b4                time_us_64
 .text.busy_wait_us
                0x00000000100016c8       0x54 CMakeFiles/InterruptActionSolution.dir/home/foobar/pico-sdk/src/rp2_common/hardware_timer/timer.c.obj
                0x00000000100016c8                busy_wait_us
 .text.hardware_alarm_set_callback
                0x000000001000171c       0x8c CMakeFiles/InterruptActionSolution.dir/home/foobar/pico-sdk/src/rp2_common/hardware_timer/timer.c.obj
                0x000000001000171c                hardware_alarm_set_callback
 .text.hardware_alarm_set_target
                0x00000000100017a8       0xd4 CMakeFiles/InterruptActionSolution.dir/home/foobar/pico-sdk/src/rp2_common/hardware_timer/timer.c.obj
                0x00000000100017a8                hardware_alarm_set_target
 .text.hardware_alarm_cancel
                0x000000001000187c       0x3c CMakeFiles/InterruptActionSolution.dir/home/foobar/pico-sdk/src/rp2_common/hardware_timer/timer.c.obj
                0x000000001000187c                hardware_alarm_cancel
 .text.ph_merge_nodes
                0x00000000100018b8       0x68 CMakeFiles/InterruptActionSolution.dir/home/foobar/pico-sdk/src/common/pico_util/pheap.c.obj
 .text.ph_post_alloc_init
                0x0000000010001920       0x3c CMakeFiles/InterruptActionSolution.dir/home/foobar/pico-sdk/src/common/pico_util/pheap.c.obj
                0x0000000010001920                ph_post_alloc_init
 .text.ph_merge_two_pass
                0x000000001000195c       0x90 CMakeFiles/InterruptActionSolution.dir/home/foobar/pico-sdk/src/common/pico_util/pheap.c.obj
                0x000000001000195c                ph_merge_two_pass
 .text.ph_remove_any_head
                0x00000000100019ec      0x100 CMakeFiles/InterruptActionSolution.dir/home/foobar/pico-sdk/src/common/pico_util/pheap.c.obj
 .text.ph_remove_head
                0x0000000010001aec      0x104 CMakeFiles/InterruptActionSolution.dir/home/foobar/pico-sdk/src/common/pico_util/pheap.c.obj
                0x0000000010001aec                ph_remove_head
 .text.ph_remove_and_free_node
                0x0000000010001bf0       0x7c CMakeFiles/InterruptActionSolution.dir/home/foobar/pico-sdk/src/common/pico_util/pheap.c.obj
                0x0000000010001bf0                ph_remove_and_free_node
 .text.clocks_init
                0x0000000010001c6c      0x2d0 CMakeFiles/InterruptActionSolution.dir/home/foobar/pico-sdk/src/rp2_common/hardware_clocks/clocks.c.obj
                0x0000000010001c6c                clocks_init
 .text.pll_init
                0x0000000010001f3c       0xa0 CMakeFiles/InterruptActionSolution.dir/home/foobar/pico-sdk/src/rp2_common/hardware_pll/pll.c.obj
                0x0000000010001f3c                pll_init
 .text.watchdog_start_tick
                0x0000000010001fdc       0x10 CMakeFiles/InterruptActionSolution.dir/home/foobar/pico-sdk/src/rp2_common/hardware_watchdog/watchdog.c.obj
                0x0000000010001fdc                watchdog_start_tick
 .text.watchdog_reboot
                0x0000000010001fec       0x98 CMakeFiles/InterruptActionSolution.dir/home/foobar/pico-sdk/src/rp2_common/hardware_watchdog/watchdog.c.obj
                0x0000000010001fec                watchdog_reboot
 .text.xosc_init
                0x0000000010002084       0x28 CMakeFiles/InterruptActionSolution.dir/home/foobar/pico-sdk/src/rp2_common/hardware_xosc/xosc.c.obj
                0x0000000010002084                xosc_init
 .text.runtime_init
                0x00000000100020ac       0xf0 CMakeFiles/InterruptActionSolution.dir/home/foobar/pico-sdk/src/rp2_common/pico_runtime/runtime.c.obj
                0x00000000100020ac                runtime_init
 .text._exit    0x000000001000219c        0x4 CMakeFiles/InterruptActionSolution.dir/home/foobar/pico-sdk/src/rp2_common/pico_runtime/runtime.c.obj
                0x000000001000219c                _exit
 .text._sbrk    0x00000000100021a0       0x34 CMakeFiles/InterruptActionSolution.dir/home/foobar/pico-sdk/src/rp2_common/pico_runtime/runtime.c.obj
                0x00000000100021a0                _sbrk
 .text.exit     0x00000000100021d4        0x8 CMakeFiles/InterruptActionSolution.dir/home/foobar/pico-sdk/src/rp2_common/pico_runtime/runtime.c.obj
                0x00000000100021d4                exit
 .text.__assert_func
                0x00000000100021dc       0x34 CMakeFiles/InterruptActionSolution.dir/home/foobar/pico-sdk/src/rp2_common/pico_runtime/runtime.c.obj
                0x00000000100021dc                __assert_func
 .text.panic    0x0000000010002210       0x30 CMakeFiles/InterruptActionSolution.dir/home/foobar/pico-sdk/src/rp2_common/pico_runtime/runtime.c.obj
                0x0000000010002210                panic
 .text.hard_assertion_failure
                0x0000000010002240        0xc CMakeFiles/InterruptActionSolution.dir/home/foobar/pico-sdk/src/rp2_common/pico_runtime/runtime.c.obj
                0x0000000010002240                hard_assertion_failure
 .text._out_buffer
                0x000000001000224c        0x8 CMakeFiles/InterruptActionSolution.dir/home/foobar/pico-sdk/src/rp2_common/pico_printf/printf.c.obj
 .text._out_null
                0x0000000010002254        0x4 CMakeFiles/InterruptActionSolution.dir/home/foobar/pico-sdk/src/rp2_common/pico_printf/printf.c.obj
 .text._out_rev
                0x0000000010002258       0x9c CMakeFiles/InterruptActionSolution.dir/home/foobar/pico-sdk/src/rp2_common/pico_printf/printf.c.obj
 .text._ntoa_format
                0x00000000100022f4      0x1cc CMakeFiles/InterruptActionSolution.dir/home/foobar/pico-sdk/src/rp2_common/pico_printf/printf.c.obj
 .text._out_char
                0x00000000100024c0       0x10 CMakeFiles/InterruptActionSolution.dir/home/foobar/pico-sdk/src/rp2_common/pico_printf/printf.c.obj
 .text._out_fct
                0x00000000100024d0       0x10 CMakeFiles/InterruptActionSolution.dir/home/foobar/pico-sdk/src/rp2_common/pico_printf/printf.c.obj
 .text._etoa    0x00000000100024e0      0x44c CMakeFiles/InterruptActionSolution.dir/home/foobar/pico-sdk/src/rp2_common/pico_printf/printf.c.obj
 .text._ftoa    0x000000001000292c      0x398 CMakeFiles/InterruptActionSolution.dir/home/foobar/pico-sdk/src/rp2_common/pico_printf/printf.c.obj
 .text._vsnprintf
                0x0000000010002cc4      0xb04 CMakeFiles/InterruptActionSolution.dir/home/foobar/pico-sdk/src/rp2_common/pico_printf/printf.c.obj
 .text.__wrap_snprintf
                0x00000000100037c8       0x28 CMakeFiles/InterruptActionSolution.dir/home/foobar/pico-sdk/src/rp2_common/pico_printf/printf.c.obj
                0x00000000100037c8                __wrap_snprintf
 .text.vfctprintf
                0x00000000100037f0       0x20 CMakeFiles/InterruptActionSolution.dir/home/foobar/pico-sdk/src/rp2_common/pico_printf/printf.c.obj
                0x00000000100037f0                vfctprintf
 .text.weak_raw_printf
                0x0000000010003810       0x40 CMakeFiles/InterruptActionSolution.dir/home/foobar/pico-sdk/src/rp2_common/pico_printf/printf.c.obj
                0x0000000010003810                weak_raw_printf
 .text.weak_raw_vprintf
                0x0000000010003850       0x30 CMakeFiles/InterruptActionSolution.dir/home/foobar/pico-sdk/src/rp2_common/pico_printf/printf.c.obj
                0x0000000010003850                weak_raw_vprintf
 .text          0x0000000010003880       0x10 CMakeFiles/InterruptActionSolution.dir/home/foobar/pico-sdk/src/rp2_common/pico_bit_ops/bit_ops_aeabi.S.obj
 .text.rom_func_lookup
                0x0000000010003890       0x10 CMakeFiles/InterruptActionSolution.dir/home/foobar/pico-sdk/src/rp2_common/pico_bootrom/bootrom.c.obj
                0x0000000010003890                rom_func_lookup
 .text.rom_data_lookup
                0x00000000100038a0       0x10 CMakeFiles/InterruptActionSolution.dir/home/foobar/pico-sdk/src/rp2_common/pico_bootrom/bootrom.c.obj
                0x00000000100038a0                rom_data_lookup
 .text.rom_funcs_lookup
                0x00000000100038b0       0x44 CMakeFiles/InterruptActionSolution.dir/home/foobar/pico-sdk/src/rp2_common/pico_bootrom/bootrom.c.obj
                0x00000000100038b0                rom_funcs_lookup
 .text.__wrap___aeabi_idiv
                0x00000000100038f4       0x50 CMakeFiles/InterruptActionSolution.dir/home/foobar/pico-sdk/src/rp2_common/pico_divider/divider.S.obj
                0x00000000100038f4                __wrap___aeabi_idivmod
                0x00000000100038f4                divmod_s32s32
                0x00000000100038f4                div_s32s32
                0x00000000100038f4                __wrap___aeabi_idiv
                0x00000000100038fc                divmod_s32s32_unsafe
                0x0000000010003928                divmod_s32s32_savestate
 .text.__wrap___aeabi_uidiv
                0x0000000010003944       0x4c CMakeFiles/InterruptActionSolution.dir/home/foobar/pico-sdk/src/rp2_common/pico_divider/divider.S.obj
                0x0000000010003944                __wrap___aeabi_uidiv
                0x0000000010003944                __wrap___aeabi_uidivmod
                0x0000000010003944                div_u32u32
                0x0000000010003944                divmod_u32u32
                0x000000001000394c                divmod_u32u32_unsafe
                0x0000000010003974                divmod_u32u32_savestate
 .text.__wrap___aeabi_ldiv
                0x0000000010003990      0x424 CMakeFiles/InterruptActionSolution.dir/home/foobar/pico-sdk/src/rp2_common/pico_divider/divider.S.obj
                0x0000000010003990                div_s64s64
                0x0000000010003990                divmod_s64s64
                0x0000000010003990                __wrap___aeabi_ldivmod
                0x00000000100039c0                div_u64u64
                0x00000000100039c0                divmod_u64u64
                0x00000000100039c0                __wrap___aeabi_uldivmod
                0x00000000100039d0                divmod_u64u64_savestate
                0x00000000100039f0                divmod_s64s64_unsafe
                0x0000000010003a78                divmod_u64u64_unsafe
 .text.__wrap___aeabi_darithmetic
                0x0000000010003db4       0x60 CMakeFiles/InterruptActionSolution.dir/home/foobar/pico-sdk/src/rp2_common/pico_double/double_aeabi.S.obj
                0x0000000010003db4                __wrap___aeabi_drsub
                0x0000000010003dba                __wrap___aeabi_dsub
                0x0000000010003dc4                __wrap___aeabi_dadd
                0x0000000010003dce                __wrap___aeabi_ddiv
                0x0000000010003e02                __wrap___aeabi_dmul
 .text.__wrap___aeabi_cdcmple
                0x0000000010003e14       0x6c CMakeFiles/InterruptActionSolution.dir/home/foobar/pico-sdk/src/rp2_common/pico_double/double_aeabi.S.obj
                0x0000000010003e14                __wrap___aeabi_cdrcmple
                0x0000000010003e24                __wrap___aeabi_cdcmple
                0x0000000010003e24                __wrap___aeabi_cdcmpeq
 .text.__wrap___aeabi_dcmpeq
                0x0000000010003e80       0x10 CMakeFiles/InterruptActionSolution.dir/home/foobar/pico-sdk/src/rp2_common/pico_double/double_aeabi.S.obj
                0x0000000010003e80                __wrap___aeabi_dcmpeq
 .text.__wrap___aeabi_dcmplt
                0x0000000010003e90        0xc CMakeFiles/InterruptActionSolution.dir/home/foobar/pico-sdk/src/rp2_common/pico_double/double_aeabi.S.obj
                0x0000000010003e90                __wrap___aeabi_dcmplt
 .text.__wrap___aeabi_dcmple
                0x0000000010003e9c       0x10 CMakeFiles/InterruptActionSolution.dir/home/foobar/pico-sdk/src/rp2_common/pico_double/double_aeabi.S.obj
                0x0000000010003e9c                __wrap___aeabi_dcmple
 .text.__wrap___aeabi_dcmpge
                0x0000000010003eac       0x10 CMakeFiles/InterruptActionSolution.dir/home/foobar/pico-sdk/src/rp2_common/pico_double/double_aeabi.S.obj
                0x0000000010003eac                __wrap___aeabi_dcmpge
 .text.__wrap___aeabi_dcmpgt
                0x0000000010003ebc        0xa CMakeFiles/InterruptActionSolution.dir/home/foobar/pico-sdk/src/rp2_common/pico_double/double_aeabi.S.obj
                0x0000000010003ebc                __wrap___aeabi_dcmpgt
 .text.__wrap___aeabi_dcmpun
                0x0000000010003ec6       0x1c CMakeFiles/InterruptActionSolution.dir/home/foobar/pico-sdk/src/rp2_common/pico_double/double_aeabi.S.obj
                0x0000000010003ec6                __wrap___aeabi_dcmpun
 *fill*         0x0000000010003ee2        0x2 
 .text.__wrap___aeabi_i2d
                0x0000000010003ee4       0x38 CMakeFiles/InterruptActionSolution.dir/home/foobar/pico-sdk/src/rp2_common/pico_double/double_aeabi.S.obj
                0x0000000010003ee4                __wrap___aeabi_ui2d
                0x0000000010003eec                __wrap___aeabi_i2d
 .text.__wrap___aeabi_d2iz
                0x0000000010003f1c       0x48 CMakeFiles/InterruptActionSolution.dir/home/foobar/pico-sdk/src/rp2_common/pico_double/double_aeabi.S.obj
                0x0000000010003f1c                __wrap___aeabi_d2iz
                0x0000000010003f1c                double2int_z
 .text.__wrap___aeabi_d2uiz
                0x0000000010003f64       0x10 CMakeFiles/InterruptActionSolution.dir/home/foobar/pico-sdk/src/rp2_common/pico_double/double_aeabi.S.obj
                0x0000000010003f64                double2uint
                0x0000000010003f64                __wrap___aeabi_d2uiz
 .text.missing_double_func_shim
                0x0000000010003f74        0xc CMakeFiles/InterruptActionSolution.dir/home/foobar/pico-sdk/src/rp2_common/pico_double/double_init_rom.c.obj
 .text.__aeabi_double_init
                0x0000000010003f80       0x98 CMakeFiles/InterruptActionSolution.dir/home/foobar/pico-sdk/src/rp2_common/pico_double/double_init_rom.c.obj
                0x0000000010003f80                __aeabi_double_init
 .text.double_table_shim_on_use_helper
                0x0000000010004018       0x2c CMakeFiles/InterruptActionSolution.dir/home/foobar/pico-sdk/src/rp2_common/pico_double/double_v1_rom_shim.S.obj
                0x0000000010004018                double_table_shim_on_use_helper
 .text.__aeabi_lmul
                0x0000000010004044       0x32 CMakeFiles/InterruptActionSolution.dir/home/foobar/pico-sdk/src/rp2_common/pico_int64_ops/pico_int64_ops_aeabi.S.obj
                0x0000000010004044                __wrap___aeabi_lmul
 *fill*         0x0000000010004076        0x2 
 .text.__wrap___aeabi_farithmetic
                0x0000000010004078       0x48 CMakeFiles/InterruptActionSolution.dir/home/foobar/pico-sdk/src/rp2_common/pico_float/float_aeabi.S.obj
                0x0000000010004078                __wrap___aeabi_frsub
                0x000000001000407e                __wrap___aeabi_fsub
                0x0000000010004084                __wrap___aeabi_fadd
                0x000000001000408a                __wrap___aeabi_fdiv
                0x00000000100040b2                __wrap___aeabi_fmul
 .text.__wrap___aeabi_cfcmple
                0x00000000100040c0       0x50 CMakeFiles/InterruptActionSolution.dir/home/foobar/pico-sdk/src/rp2_common/pico_float/float_aeabi.S.obj
                0x00000000100040c0                __wrap___aeabi_cfrcmple
                0x00000000100040cc                __wrap___aeabi_cfcmpeq
                0x00000000100040cc                __wrap___aeabi_cfcmple
 .text.__wrap___aeabi_fcmpge
                0x0000000010004110       0x10 CMakeFiles/InterruptActionSolution.dir/home/foobar/pico-sdk/src/rp2_common/pico_float/float_aeabi.S.obj
                0x0000000010004110                __wrap___aeabi_fcmpge
 .text.__wrap___aeabi_ui2f
                0x0000000010004120        0xa CMakeFiles/InterruptActionSolution.dir/home/foobar/pico-sdk/src/rp2_common/pico_float/float_aeabi.S.obj
                0x0000000010004120                __wrap___aeabi_ui2f
 *fill*         0x000000001000412a        0x2 
 .text.__wrap___aeabi_i2f
                0x000000001000412c       0x44 CMakeFiles/InterruptActionSolution.dir/home/foobar/pico-sdk/src/rp2_common/pico_float/float_aeabi.S.obj
                0x000000001000412c                __wrap___aeabi_i2f
 .text.missing_float_func_shim
                0x0000000010004170        0xc CMakeFiles/InterruptActionSolution.dir/home/foobar/pico-sdk/src/rp2_common/pico_float/float_init_rom.c.obj
 .text.__aeabi_float_init
                0x000000001000417c       0x5c CMakeFiles/InterruptActionSolution.dir/home/foobar/pico-sdk/src/rp2_common/pico_float/float_init_rom.c.obj
                0x000000001000417c                __aeabi_float_init
 .text.__wrap_malloc
                0x00000000100041d8       0x3c CMakeFiles/InterruptActionSolution.dir/home/foobar/pico-sdk/src/rp2_common/pico_malloc/pico_malloc.c.obj
                0x00000000100041d8                __wrap_malloc
 .text.__wrap_calloc
                0x0000000010004214       0x40 CMakeFiles/InterruptActionSolution.dir/home/foobar/pico-sdk/src/rp2_common/pico_malloc/pico_malloc.c.obj
                0x0000000010004214                __wrap_calloc
 .text.__wrap_realloc
                0x0000000010004254       0x40 CMakeFiles/InterruptActionSolution.dir/home/foobar/pico-sdk/src/rp2_common/pico_malloc/pico_malloc.c.obj
                0x0000000010004254                __wrap_realloc
 .text.__wrap_free
                0x0000000010004294       0x20 CMakeFiles/InterruptActionSolution.dir/home/foobar/pico-sdk/src/rp2_common/pico_malloc/pico_malloc.c.obj
                0x0000000010004294                __wrap_free
 .text          0x00000000100042b4       0x10 CMakeFiles/InterruptActionSolution.dir/home/foobar/pico-sdk/src/rp2_common/pico_mem_ops/mem_ops_aeabi.S.obj
                0x00000000100042b4                __aeabi_mem_init
 .text.memset   0x00000000100042c4        0xc CMakeFiles/InterruptActionSolution.dir/home/foobar/pico-sdk/src/rp2_common/pico_mem_ops/mem_ops_aeabi.S.obj
                0x00000000100042c4                __wrap_memset
 .text.memcpy   0x00000000100042d0        0xc CMakeFiles/InterruptActionSolution.dir/home/foobar/pico-sdk/src/rp2_common/pico_mem_ops/mem_ops_aeabi.S.obj
                0x00000000100042d0                __wrap___aeabi_memcpy
                0x00000000100042d0                __wrap_memcpy
 .text.stdio_out_chars_no_crlf
                0x00000000100042dc       0x10 CMakeFiles/InterruptActionSolution.dir/home/foobar/pico-sdk/src/rp2_common/pico_stdio/stdio.c.obj
 .text.stdio_out_chars_crlf
                0x00000000100042ec       0xb4 CMakeFiles/InterruptActionSolution.dir/home/foobar/pico-sdk/src/rp2_common/pico_stdio/stdio.c.obj
 .text.stdio_buffered_printer
                0x00000000100043a0       0x64 CMakeFiles/InterruptActionSolution.dir/home/foobar/pico-sdk/src/rp2_common/pico_stdio/stdio.c.obj
 .text.stdio_put_string.isra.0
                0x0000000010004404       0xfc CMakeFiles/InterruptActionSolution.dir/home/foobar/pico-sdk/src/rp2_common/pico_stdio/stdio.c.obj
 .text.__wrap_putchar
                0x0000000010004500       0x98 CMakeFiles/InterruptActionSolution.dir/home/foobar/pico-sdk/src/rp2_common/pico_stdio/stdio.c.obj
                0x0000000010004500                __wrap_putchar
 .text.__wrap_puts
                0x0000000010004598       0x3c CMakeFiles/InterruptActionSolution.dir/home/foobar/pico-sdk/src/rp2_common/pico_stdio/stdio.c.obj
                0x0000000010004598                __wrap_puts
 .text._read    0x00000000100045d4       0x94 CMakeFiles/InterruptActionSolution.dir/home/foobar/pico-sdk/src/rp2_common/pico_stdio/stdio.c.obj
                0x00000000100045d4                _read
 .text._write   0x0000000010004668       0xac CMakeFiles/InterruptActionSolution.dir/home/foobar/pico-sdk/src/rp2_common/pico_stdio/stdio.c.obj
                0x0000000010004668                _write
 .text._close   0x0000000010004714        0x8 CMakeFiles/InterruptActionSolution.dir/home/foobar/pico-sdk/src/rp2_common/pico_stdio/stdio.c.obj
                0x0000000010004714                _close
 .text._lseek   0x000000001000471c        0x8 CMakeFiles/InterruptActionSolution.dir/home/foobar/pico-sdk/src/rp2_common/pico_stdio/stdio.c.obj
                0x000000001000471c                _lseek
 .text._fstat   0x0000000010004724        0x8 CMakeFiles/InterruptActionSolution.dir/home/foobar/pico-sdk/src/rp2_common/pico_stdio/stdio.c.obj
                0x0000000010004724                _fstat
 .text._isatty  0x000000001000472c        0xc CMakeFiles/InterruptActionSolution.dir/home/foobar/pico-sdk/src/rp2_common/pico_stdio/stdio.c.obj
                0x000000001000472c                _isatty
 .text.stdio_set_driver_enabled
                0x0000000010004738       0x30 CMakeFiles/InterruptActionSolution.dir/home/foobar/pico-sdk/src/rp2_common/pico_stdio/stdio.c.obj
                0x0000000010004738                stdio_set_driver_enabled
 .text.__wrap_vprintf
                0x0000000010004768       0xd8 CMakeFiles/InterruptActionSolution.dir/home/foobar/pico-sdk/src/rp2_common/pico_stdio/stdio.c.obj
                0x0000000010004768                __wrap_vprintf
 .text.__wrap_printf
                0x0000000010004840       0x18 CMakeFiles/InterruptActionSolution.dir/home/foobar/pico-sdk/src/rp2_common/pico_stdio/stdio.c.obj
                0x0000000010004840                __wrap_printf
 .text.stdio_init_all
                0x0000000010004858       0x10 CMakeFiles/InterruptActionSolution.dir/home/foobar/pico-sdk/src/rp2_common/pico_stdio/stdio.c.obj
                0x0000000010004858                stdio_init_all
 .text.stdio_uart_init
                0x0000000010004868        0x4 CMakeFiles/InterruptActionSolution.dir/home/foobar/pico-sdk/src/rp2_common/pico_stdio_uart/stdio_uart.c.obj
                0x0000000010004868                stdio_uart_init
 .text.resetd_init
                0x000000001000486c        0x4 CMakeFiles/InterruptActionSolution.dir/home/foobar/pico-sdk/src/rp2_common/pico_stdio_usb/reset_interface.c.obj
 .text.resetd_reset
                0x0000000010004870        0xc CMakeFiles/InterruptActionSolution.dir/home/foobar/pico-sdk/src/rp2_common/pico_stdio_usb/reset_interface.c.obj
 .text.resetd_open
                0x000000001000487c       0x28 CMakeFiles/InterruptActionSolution.dir/home/foobar/pico-sdk/src/rp2_common/pico_stdio_usb/reset_interface.c.obj
 .text.resetd_xfer_cb
                0x00000000100048a4        0x4 CMakeFiles/InterruptActionSolution.dir/home/foobar/pico-sdk/src/rp2_common/pico_stdio_usb/reset_interface.c.obj
 .text.resetd_control_xfer_cb
                0x00000000100048a8       0x64 CMakeFiles/InterruptActionSolution.dir/home/foobar/pico-sdk/src/rp2_common/pico_stdio_usb/reset_interface.c.obj
 .text.usbd_app_driver_get_cb
                0x000000001000490c        0xc CMakeFiles/InterruptActionSolution.dir/home/foobar/pico-sdk/src/rp2_common/pico_stdio_usb/reset_interface.c.obj
                0x000000001000490c                usbd_app_driver_get_cb
 .text.tud_cdc_line_coding_cb
                0x0000000010004918       0x34 CMakeFiles/InterruptActionSolution.dir/home/foobar/pico-sdk/src/rp2_common/pico_stdio_usb/reset_interface.c.obj
                0x0000000010004918                tud_cdc_line_coding_cb
 .text.stdio_usb_set_chars_available_callback
                0x000000001000494c       0x14 CMakeFiles/InterruptActionSolution.dir/home/foobar/pico-sdk/src/rp2_common/pico_stdio_usb/stdio_usb.c.obj
                0x000000001000494c                stdio_usb_set_chars_available_callback
 .text.usb_irq  0x0000000010004960       0x10 CMakeFiles/InterruptActionSolution.dir/home/foobar/pico-sdk/src/rp2_common/pico_stdio_usb/stdio_usb.c.obj
 .text.timer_task
                0x0000000010004970       0x54 CMakeFiles/InterruptActionSolution.dir/home/foobar/pico-sdk/src/rp2_common/pico_stdio_usb/stdio_usb.c.obj
 .text.stdio_usb_in_chars
                0x00000000100049c4       0x90 CMakeFiles/InterruptActionSolution.dir/home/foobar/pico-sdk/src/rp2_common/pico_stdio_usb/stdio_usb.c.obj
                0x00000000100049c4                stdio_usb_in_chars
 .text.stdio_usb_out_chars
                0x0000000010004a54      0x100 CMakeFiles/InterruptActionSolution.dir/home/foobar/pico-sdk/src/rp2_common/pico_stdio_usb/stdio_usb.c.obj
 .text.low_priority_worker_irq
                0x0000000010004b54       0xa8 CMakeFiles/InterruptActionSolution.dir/home/foobar/pico-sdk/src/rp2_common/pico_stdio_usb/stdio_usb.c.obj
 .text.tud_cdc_rx_cb
                0x0000000010004bfc       0x20 CMakeFiles/InterruptActionSolution.dir/home/foobar/pico-sdk/src/rp2_common/pico_stdio_usb/stdio_usb.c.obj
                0x0000000010004bfc                tud_cdc_rx_cb
 .text.stdio_usb_init
                0x0000000010004c1c       0xdc CMakeFiles/InterruptActionSolution.dir/home/foobar/pico-sdk/src/rp2_common/pico_stdio_usb/stdio_usb.c.obj
                0x0000000010004c1c                stdio_usb_init
 .text.tud_descriptor_device_cb
                0x0000000010004cf8        0x8 CMakeFiles/InterruptActionSolution.dir/home/foobar/pico-sdk/src/rp2_common/pico_stdio_usb/stdio_usb_descriptors.c.obj
                0x0000000010004cf8                tud_descriptor_device_cb
 .text.tud_descriptor_configuration_cb
                0x0000000010004d00        0x8 CMakeFiles/InterruptActionSolution.dir/home/foobar/pico-sdk/src/rp2_common/pico_stdio_usb/stdio_usb_descriptors.c.obj
                0x0000000010004d00                tud_descriptor_configuration_cb
 .text.tud_descriptor_string_cb
                0x0000000010004d08       0x74 CMakeFiles/InterruptActionSolution.dir/home/foobar/pico-sdk/src/rp2_common/pico_stdio_usb/stdio_usb_descriptors.c.obj
                0x0000000010004d08                tud_descriptor_string_cb
 .text.startup._retrieve_unique_id_on_boot
                0x0000000010004d7c       0x10 CMakeFiles/InterruptActionSolution.dir/home/foobar/pico-sdk/src/rp2_common/pico_unique_id/unique_id.c.obj
 .text.pico_get_unique_board_id_string
                0x0000000010004d8c      0x1a8 CMakeFiles/InterruptActionSolution.dir/home/foobar/pico-sdk/src/rp2_common/pico_unique_id/unique_id.c.obj
                0x0000000010004d8c                pico_get_unique_board_id_string
 .text.flash_get_unique_id
                0x0000000010004f34       0x40 CMakeFiles/InterruptActionSolution.dir/home/foobar/pico-sdk/src/rp2_common/hardware_flash/flash.c.obj
                0x0000000010004f34                flash_get_unique_id
 .text.dcd_int_enable
                0x0000000010004f74        0xc CMakeFiles/InterruptActionSolution.dir/home/foobar/pico-sdk/lib/tinyusb/src/portable/raspberrypi/rp2040/dcd_rp2040.c.obj
                0x0000000010004f74                dcd_int_enable
 .text.dcd_set_address
                0x0000000010004f80       0x14 CMakeFiles/InterruptActionSolution.dir/home/foobar/pico-sdk/lib/tinyusb/src/portable/raspberrypi/rp2040/dcd_rp2040.c.obj
                0x0000000010004f80                dcd_set_address
 .text.dcd_connect
                0x0000000010004f94       0x10 CMakeFiles/InterruptActionSolution.dir/home/foobar/pico-sdk/lib/tinyusb/src/portable/raspberrypi/rp2040/dcd_rp2040.c.obj
                0x0000000010004f94                dcd_connect
 .text.dcd_init
                0x0000000010004fa4       0x98 CMakeFiles/InterruptActionSolution.dir/home/foobar/pico-sdk/lib/tinyusb/src/portable/raspberrypi/rp2040/dcd_rp2040.c.obj
                0x0000000010004fa4                dcd_init
 .text.dcd_edpt0_status_complete
                0x000000001000503c       0x1c CMakeFiles/InterruptActionSolution.dir/home/foobar/pico-sdk/lib/tinyusb/src/portable/raspberrypi/rp2040/dcd_rp2040.c.obj
                0x000000001000503c                dcd_edpt0_status_complete
 .text.dcd_edpt_open
                0x0000000010005058      0x108 CMakeFiles/InterruptActionSolution.dir/home/foobar/pico-sdk/lib/tinyusb/src/portable/raspberrypi/rp2040/dcd_rp2040.c.obj
                0x0000000010005058                dcd_edpt_open
 .text.dcd_edpt_close_all
                0x0000000010005160        0x8 CMakeFiles/InterruptActionSolution.dir/home/foobar/pico-sdk/lib/tinyusb/src/portable/raspberrypi/rp2040/dcd_rp2040.c.obj
                0x0000000010005160                dcd_edpt_close_all
 .text.dcd_edpt_xfer
                0x0000000010005168       0x24 CMakeFiles/InterruptActionSolution.dir/home/foobar/pico-sdk/lib/tinyusb/src/portable/raspberrypi/rp2040/dcd_rp2040.c.obj
                0x0000000010005168                dcd_edpt_xfer
 .text.dcd_edpt_stall
                0x000000001000518c       0x38 CMakeFiles/InterruptActionSolution.dir/home/foobar/pico-sdk/lib/tinyusb/src/portable/raspberrypi/rp2040/dcd_rp2040.c.obj
                0x000000001000518c                dcd_edpt_stall
 .text.dcd_edpt_clear_stall
                0x00000000100051c4       0x30 CMakeFiles/InterruptActionSolution.dir/home/foobar/pico-sdk/lib/tinyusb/src/portable/raspberrypi/rp2040/dcd_rp2040.c.obj
                0x00000000100051c4                dcd_edpt_clear_stall
 .text.rp2040_usb_init
                0x00000000100051f4       0x4c CMakeFiles/InterruptActionSolution.dir/home/foobar/pico-sdk/lib/tinyusb/src/portable/raspberrypi/rp2040/rp2040_usb.c.obj
                0x00000000100051f4                rp2040_usb_init
 .text.hw_endpoint_xfer_start
                0x0000000010005240       0x50 CMakeFiles/InterruptActionSolution.dir/home/foobar/pico-sdk/lib/tinyusb/src/portable/raspberrypi/rp2040/rp2040_usb.c.obj
                0x0000000010005240                hw_endpoint_xfer_start
 .text.tud_mounted
                0x0000000010005290       0x10 CMakeFiles/InterruptActionSolution.dir/home/foobar/pico-sdk/lib/tinyusb/src/device/usbd.c.obj
                0x0000000010005290                tud_mounted
 .text.tud_suspended
                0x00000000100052a0       0x10 CMakeFiles/InterruptActionSolution.dir/home/foobar/pico-sdk/lib/tinyusb/src/device/usbd.c.obj
                0x00000000100052a0                tud_suspended
 .text.tud_inited
                0x00000000100052b0       0x14 CMakeFiles/InterruptActionSolution.dir/home/foobar/pico-sdk/lib/tinyusb/src/device/usbd.c.obj
                0x00000000100052b0                tud_inited
 .text.tud_init
                0x00000000100052c4       0xe4 CMakeFiles/InterruptActionSolution.dir/home/foobar/pico-sdk/lib/tinyusb/src/device/usbd.c.obj
                0x00000000100052c4                tud_init
 .text.tud_task_ext
                0x00000000100053a8      0x854 CMakeFiles/InterruptActionSolution.dir/home/foobar/pico-sdk/lib/tinyusb/src/device/usbd.c.obj
                0x00000000100053a8                tud_task_ext
 .text.usbd_open_edpt_pair
                0x0000000010005bfc       0x9c CMakeFiles/InterruptActionSolution.dir/home/foobar/pico-sdk/lib/tinyusb/src/device/usbd.c.obj
                0x0000000010005bfc                usbd_open_edpt_pair
 .text.usbd_defer_func
                0x0000000010005c98       0x48 CMakeFiles/InterruptActionSolution.dir/home/foobar/pico-sdk/lib/tinyusb/src/device/usbd.c.obj
                0x0000000010005c98                usbd_defer_func
 .text.usbd_edpt_open
                0x0000000010005ce0       0x34 CMakeFiles/InterruptActionSolution.dir/home/foobar/pico-sdk/lib/tinyusb/src/device/usbd.c.obj
                0x0000000010005ce0                usbd_edpt_open
 .text.usbd_edpt_claim
                0x0000000010005d14       0x28 CMakeFiles/InterruptActionSolution.dir/home/foobar/pico-sdk/lib/tinyusb/src/device/usbd.c.obj
                0x0000000010005d14                usbd_edpt_claim
 .text.usbd_edpt_release
                0x0000000010005d3c       0x28 CMakeFiles/InterruptActionSolution.dir/home/foobar/pico-sdk/lib/tinyusb/src/device/usbd.c.obj
                0x0000000010005d3c                usbd_edpt_release
 .text.usbd_edpt_xfer
                0x0000000010005d64       0x4c CMakeFiles/InterruptActionSolution.dir/home/foobar/pico-sdk/lib/tinyusb/src/device/usbd.c.obj
                0x0000000010005d64                usbd_edpt_xfer
 .text.tud_control_status
                0x0000000010005db0       0x30 CMakeFiles/InterruptActionSolution.dir/home/foobar/pico-sdk/lib/tinyusb/src/device/usbd_control.c.obj
                0x0000000010005db0                tud_control_status
 .text.tud_control_xfer
                0x0000000010005de0       0xbc CMakeFiles/InterruptActionSolution.dir/home/foobar/pico-sdk/lib/tinyusb/src/device/usbd_control.c.obj
                0x0000000010005de0                tud_control_xfer
 .text.usbd_control_reset
                0x0000000010005e9c       0x14 CMakeFiles/InterruptActionSolution.dir/home/foobar/pico-sdk/lib/tinyusb/src/device/usbd_control.c.obj
                0x0000000010005e9c                usbd_control_reset
 .text.usbd_control_set_complete_callback
                0x0000000010005eb0        0xc CMakeFiles/InterruptActionSolution.dir/home/foobar/pico-sdk/lib/tinyusb/src/device/usbd_control.c.obj
                0x0000000010005eb0                usbd_control_set_complete_callback
 .text.usbd_control_set_request
                0x0000000010005ebc       0x1c CMakeFiles/InterruptActionSolution.dir/home/foobar/pico-sdk/lib/tinyusb/src/device/usbd_control.c.obj
                0x0000000010005ebc                usbd_control_set_request
 .text.usbd_control_xfer_cb
                0x0000000010005ed8       0xfc CMakeFiles/InterruptActionSolution.dir/home/foobar/pico-sdk/lib/tinyusb/src/device/usbd_control.c.obj
                0x0000000010005ed8                usbd_control_xfer_cb
 .text.tud_cdc_n_connected
                0x0000000010005fd4       0x30 CMakeFiles/InterruptActionSolution.dir/home/foobar/pico-sdk/lib/tinyusb/src/class/cdc/cdc_device.c.obj
                0x0000000010005fd4                tud_cdc_n_connected
 .text.tud_cdc_n_available
                0x0000000010006004       0x18 CMakeFiles/InterruptActionSolution.dir/home/foobar/pico-sdk/lib/tinyusb/src/class/cdc/cdc_device.c.obj
                0x0000000010006004                tud_cdc_n_available
 .text.tud_cdc_n_read
                0x000000001000601c       0x70 CMakeFiles/InterruptActionSolution.dir/home/foobar/pico-sdk/lib/tinyusb/src/class/cdc/cdc_device.c.obj
                0x000000001000601c                tud_cdc_n_read
 .text.tud_cdc_n_write_flush
                0x000000001000608c       0x78 CMakeFiles/InterruptActionSolution.dir/home/foobar/pico-sdk/lib/tinyusb/src/class/cdc/cdc_device.c.obj
                0x000000001000608c                tud_cdc_n_write_flush
 .text.tud_cdc_n_write
                0x0000000010006104       0x34 CMakeFiles/InterruptActionSolution.dir/home/foobar/pico-sdk/lib/tinyusb/src/class/cdc/cdc_device.c.obj
                0x0000000010006104                tud_cdc_n_write
 .text.tud_cdc_n_write_available
                0x0000000010006138       0x18 CMakeFiles/InterruptActionSolution.dir/home/foobar/pico-sdk/lib/tinyusb/src/class/cdc/cdc_device.c.obj
                0x0000000010006138                tud_cdc_n_write_available
 .text.cdcd_init
                0x0000000010006150       0x7c CMakeFiles/InterruptActionSolution.dir/home/foobar/pico-sdk/lib/tinyusb/src/class/cdc/cdc_device.c.obj
                0x0000000010006150                cdcd_init
 .text.cdcd_reset
                0x00000000100061cc       0x2c CMakeFiles/InterruptActionSolution.dir/home/foobar/pico-sdk/lib/tinyusb/src/class/cdc/cdc_device.c.obj
                0x00000000100061cc                cdcd_reset
 .text.cdcd_open
                0x00000000100061f8       0xe8 CMakeFiles/InterruptActionSolution.dir/home/foobar/pico-sdk/lib/tinyusb/src/class/cdc/cdc_device.c.obj
                0x00000000100061f8                cdcd_open
 .text.cdcd_control_xfer_cb
                0x00000000100062e0       0xe4 CMakeFiles/InterruptActionSolution.dir/home/foobar/pico-sdk/lib/tinyusb/src/class/cdc/cdc_device.c.obj
                0x00000000100062e0                cdcd_control_xfer_cb
 .text.cdcd_xfer_cb
                0x00000000100063c4      0x148 CMakeFiles/InterruptActionSolution.dir/home/foobar/pico-sdk/lib/tinyusb/src/class/cdc/cdc_device.c.obj
                0x00000000100063c4                cdcd_xfer_cb
 .text.tusb_init
                0x000000001000650c        0xc CMakeFiles/InterruptActionSolution.dir/home/foobar/pico-sdk/lib/tinyusb/src/tusb.c.obj
                0x000000001000650c                tusb_init
 .text.tusb_inited
                0x0000000010006518        0x8 CMakeFiles/InterruptActionSolution.dir/home/foobar/pico-sdk/lib/tinyusb/src/tusb.c.obj
                0x0000000010006518                tusb_inited
 .text.tu_edpt_claim
                0x0000000010006520       0x50 CMakeFiles/InterruptActionSolution.dir/home/foobar/pico-sdk/lib/tinyusb/src/tusb.c.obj
                0x0000000010006520                tu_edpt_claim
 .text.tu_edpt_release
                0x0000000010006570       0x38 CMakeFiles/InterruptActionSolution.dir/home/foobar/pico-sdk/lib/tinyusb/src/tusb.c.obj
                0x0000000010006570                tu_edpt_release
 .text.tu_edpt_validate
                0x00000000100065a8       0x78 CMakeFiles/InterruptActionSolution.dir/home/foobar/pico-sdk/lib/tinyusb/src/tusb.c.obj
                0x00000000100065a8                tu_edpt_validate
 .text.tu_edpt_bind_driver
                0x0000000010006620       0x34 CMakeFiles/InterruptActionSolution.dir/home/foobar/pico-sdk/lib/tinyusb/src/tusb.c.obj
                0x0000000010006620                tu_edpt_bind_driver
 .text.tu_fifo_config
                0x0000000010006654       0x70 CMakeFiles/InterruptActionSolution.dir/home/foobar/pico-sdk/lib/tinyusb/src/common/tusb_fifo.c.obj
                0x0000000010006654                tu_fifo_config
 .text.tu_fifo_count
                0x00000000100066c4       0x2c CMakeFiles/InterruptActionSolution.dir/home/foobar/pico-sdk/lib/tinyusb/src/common/tusb_fifo.c.obj
                0x00000000100066c4                tu_fifo_count
 .text.tu_fifo_empty
                0x00000000100066f0       0x10 CMakeFiles/InterruptActionSolution.dir/home/foobar/pico-sdk/lib/tinyusb/src/common/tusb_fifo.c.obj
                0x00000000100066f0                tu_fifo_empty
 .text.tu_fifo_remaining
                0x0000000010006700       0x2c CMakeFiles/InterruptActionSolution.dir/home/foobar/pico-sdk/lib/tinyusb/src/common/tusb_fifo.c.obj
                0x0000000010006700                tu_fifo_remaining
 .text.tu_fifo_read
                0x000000001000672c       0xa0 CMakeFiles/InterruptActionSolution.dir/home/foobar/pico-sdk/lib/tinyusb/src/common/tusb_fifo.c.obj
                0x000000001000672c                tu_fifo_read
 .text.tu_fifo_read_n
                0x00000000100067cc       0xec CMakeFiles/InterruptActionSolution.dir/home/foobar/pico-sdk/lib/tinyusb/src/common/tusb_fifo.c.obj
                0x00000000100067cc                tu_fifo_read_n
 .text.tu_fifo_write
                0x00000000100068b8       0x88 CMakeFiles/InterruptActionSolution.dir/home/foobar/pico-sdk/lib/tinyusb/src/common/tusb_fifo.c.obj
                0x00000000100068b8                tu_fifo_write
 .text.tu_fifo_write_n
                0x0000000010006940      0x168 CMakeFiles/InterruptActionSolution.dir/home/foobar/pico-sdk/lib/tinyusb/src/common/tusb_fifo.c.obj
                0x0000000010006940                tu_fifo_write_n
 .text.tu_fifo_clear
                0x0000000010006aa8       0x40 CMakeFiles/InterruptActionSolution.dir/home/foobar/pico-sdk/lib/tinyusb/src/common/tusb_fifo.c.obj
                0x0000000010006aa8                tu_fifo_clear
 .text.tu_fifo_set_overwritable
                0x0000000010006ae8       0x48 CMakeFiles/InterruptActionSolution.dir/home/foobar/pico-sdk/lib/tinyusb/src/common/tusb_fifo.c.obj
                0x0000000010006ae8                tu_fifo_set_overwritable
 .text.lf_tag_compare
                0x0000000010006b30       0x38 core/libcore.a(tag.c.obj)
                0x0000000010006b30                lf_tag_compare
 .text.lf_time_logical
                0x0000000010006b68        0x8 core/libcore.a(tag.c.obj)
                0x0000000010006b68                lf_time_logical
 .text.lf_time_logical_elapsed
                0x0000000010006b70       0x14 core/libcore.a(tag.c.obj)
                0x0000000010006b70                lf_time_logical_elapsed
 .text.lf_time_physical
                0x0000000010006b84       0x60 core/libcore.a(tag.c.obj)
                0x0000000010006b84                lf_time_physical
 .text.lf_time_physical_elapsed
                0x0000000010006be4       0x6c core/libcore.a(tag.c.obj)
                0x0000000010006be4                lf_time_physical_elapsed
 .text.lf_comma_separated_time
                0x0000000010006c50      0x274 core/libcore.a(tag.c.obj)
                0x0000000010006c50                lf_comma_separated_time
 .text._lf_new_reactor
                0x0000000010006ec4       0x40 core/libcore.a(reactor_common.c.obj)
                0x0000000010006ec4                _lf_new_reactor
 .text._lf_set_stop_tag
                0x0000000010006f04       0x3c core/libcore.a(reactor_common.c.obj)
                0x0000000010006f04                _lf_set_stop_tag
 .text._lf_start_time_step
                0x0000000010006f40       0x68 core/libcore.a(reactor_common.c.obj)
                0x0000000010006f40                _lf_start_time_step
 .text._lf_is_tag_after_stop_tag
                0x0000000010006fa8       0x30 core/libcore.a(reactor_common.c.obj)
                0x0000000010006fa8                _lf_is_tag_after_stop_tag
 .text._lf_initialize_timer
                0x0000000010006fd8       0x88 core/libcore.a(reactor_common.c.obj)
                0x0000000010006fd8                _lf_initialize_timer
 .text._lf_initialize_timers
                0x0000000010007060       0x30 core/libcore.a(reactor_common.c.obj)
                0x0000000010007060                _lf_initialize_timers
 .text._lf_trigger_startup_reactions
                0x0000000010007090       0x38 core/libcore.a(reactor_common.c.obj)
                0x0000000010007090                _lf_trigger_startup_reactions
 .text._lf_trigger_shutdown_reactions
                0x00000000100070c8       0x38 core/libcore.a(reactor_common.c.obj)
                0x00000000100070c8                _lf_trigger_shutdown_reactions
 .text._lf_schedule
                0x0000000010007100      0x2c4 core/libcore.a(reactor_common.c.obj)
                0x0000000010007100                _lf_schedule
 .text._lf_pop_events
                0x00000000100073c4      0x118 core/libcore.a(reactor_common.c.obj)
                0x00000000100073c4                _lf_pop_events
 .text._lf_schedule_token
                0x00000000100074dc       0x58 core/libcore.a(reactor_common.c.obj)
                0x00000000100074dc                _lf_schedule_token
 .text._lf_advance_logical_time
                0x0000000010007534       0x38 core/libcore.a(reactor_common.c.obj)
                0x0000000010007534                _lf_advance_logical_time
 .text._lf_invoke_reaction
                0x000000001000756c       0x14 core/libcore.a(reactor_common.c.obj)
                0x000000001000756c                _lf_invoke_reaction
 .text.schedule_output_reactions
                0x0000000010007580      0x150 core/libcore.a(reactor_common.c.obj)
                0x0000000010007580                schedule_output_reactions
 .text.usage    0x00000000100076d0       0xb0 core/libcore.a(reactor_common.c.obj)
                0x00000000100076d0                usage
 .text.process_args
                0x0000000010007780      0x414 core/libcore.a(reactor_common.c.obj)
                0x0000000010007780                process_args
 .text.initialize_global
                0x0000000010007b94       0x24 core/libcore.a(reactor_common.c.obj)
                0x0000000010007b94                initialize_global
 .text.termination
                0x0000000010007bb8      0x194 core/libcore.a(reactor_common.c.obj)
                0x0000000010007bb8                termination
 .text._lf_free_token.part.0
                0x0000000010007d4c       0xcc core/libcore.a(lf_token.c.obj)
 .text._lf_new_token
                0x0000000010007e18       0xb4 core/libcore.a(lf_token.c.obj)
                0x0000000010007e18                _lf_new_token
 .text._lf_initialize_template
                0x0000000010007ecc       0xdc core/libcore.a(lf_token.c.obj)
                0x0000000010007ecc                _lf_initialize_template
 .text._lf_free_all_tokens
                0x0000000010007fa8       0xe0 core/libcore.a(lf_token.c.obj)
                0x0000000010007fa8                _lf_free_all_tokens
 .text._lf_replace_template_token
                0x0000000010008088       0x44 core/libcore.a(lf_token.c.obj)
                0x0000000010008088                _lf_replace_template_token
 .text._lf_done_using
                0x00000000100080cc       0x2c core/libcore.a(lf_token.c.obj)
                0x00000000100080cc                _lf_done_using
 .text._lf_free_token_copies
                0x00000000100080f8       0x44 core/libcore.a(lf_token.c.obj)
                0x00000000100080f8                _lf_free_token_copies
 .text.environment_init_tags
                0x000000001000813c       0x58 core/libcore.a(environment.c.obj)
                0x000000001000813c                environment_init_tags
 .text.environment_free
                0x0000000010008194       0x44 core/libcore.a(environment.c.obj)
                0x0000000010008194                environment_free
 .text.environment_init
                0x00000000100081d8      0x188 core/libcore.a(environment.c.obj)
                0x00000000100081d8                environment_init
 .text._lf_trigger_reaction
                0x0000000010008360       0x28 core/libcore.a(reactor.c.obj)
                0x0000000010008360                _lf_trigger_reaction
 .text._lf_do_step
                0x0000000010008388       0xb0 core/libcore.a(reactor.c.obj)
                0x0000000010008388                _lf_do_step
 .text.next     0x0000000010008438      0x138 core/libcore.a(reactor.c.obj)
                0x0000000010008438                next
 .text.lf_reactor_c_main
                0x0000000010008570       0xf8 core/libcore.a(reactor.c.obj)
                0x0000000010008570                lf_reactor_c_main
 .text.lf_notify_of_event
                0x0000000010008668        0x8 core/libcore.a(reactor.c.obj)
                0x0000000010008668                lf_notify_of_event
 .text.lf_critical_section_enter
                0x0000000010008670        0x8 core/libcore.a(reactor.c.obj)
                0x0000000010008670                lf_critical_section_enter
 .text.lf_critical_section_exit
                0x0000000010008678        0x8 core/libcore.a(reactor.c.obj)
                0x0000000010008678                lf_critical_section_exit
 .text.vector_at
                0x0000000010008680       0x54 core/libcore.a(vector.c.obj)
                0x0000000010008680                vector_at
 .text.vector_size
                0x00000000100086d4        0x8 core/libcore.a(vector.c.obj)
                0x00000000100086d4                vector_size
 .text.percolate_down
                0x00000000100086dc       0xd8 core/libcore.a(pqueue.c.obj)
 .text.bubble_up.isra.0
                0x00000000100087b4       0x84 core/libcore.a(pqueue.c.obj)
 .text.find_equal_same_priority
                0x0000000010008838       0xa8 core/libcore.a(pqueue.c.obj)
                0x0000000010008838                find_equal_same_priority
 .text.pqueue_init
                0x00000000100088e0       0x54 core/libcore.a(pqueue.c.obj)
                0x00000000100088e0                pqueue_init
 .text.pqueue_free
                0x0000000010008934       0x14 core/libcore.a(pqueue.c.obj)
                0x0000000010008934                pqueue_free
 .text.pqueue_size
                0x0000000010008948       0x10 core/libcore.a(pqueue.c.obj)
                0x0000000010008948                pqueue_size
 .text.pqueue_find_equal_same_priority
                0x0000000010008958        0xc core/libcore.a(pqueue.c.obj)
                0x0000000010008958                pqueue_find_equal_same_priority
 .text.pqueue_insert
                0x0000000010008964       0x44 core/libcore.a(pqueue.c.obj)
                0x0000000010008964                pqueue_insert
 .text.pqueue_pop
                0x00000000100089a8       0x28 core/libcore.a(pqueue.c.obj)
                0x00000000100089a8                pqueue_pop
 .text.pqueue_peek
                0x00000000100089d0       0x14 core/libcore.a(pqueue.c.obj)
                0x00000000100089d0                pqueue_peek
 .text.in_reverse_order
                0x00000000100089e4       0x18 core/libcore.a(pqueue.c.obj)
                0x00000000100089e4                in_reverse_order
 .text.in_no_particular_order
                0x00000000100089fc        0x4 core/libcore.a(pqueue.c.obj)
                0x00000000100089fc                in_no_particular_order
 .text.event_matches
                0x0000000010008a00        0xc core/libcore.a(pqueue.c.obj)
                0x0000000010008a00                event_matches
 .text.reaction_matches
                0x0000000010008a0c        0x8 core/libcore.a(pqueue.c.obj)
                0x0000000010008a0c                reaction_matches
 .text.get_event_time
                0x0000000010008a14        0x8 core/libcore.a(pqueue.c.obj)
                0x0000000010008a14                get_event_time
 .text.get_reaction_index
                0x0000000010008a1c        0x8 core/libcore.a(pqueue.c.obj)
                0x0000000010008a1c                get_reaction_index
 .text.get_event_position
                0x0000000010008a24        0x4 core/libcore.a(pqueue.c.obj)
                0x0000000010008a24                get_event_position
 .text.get_reaction_position
                0x0000000010008a28        0x4 core/libcore.a(pqueue.c.obj)
                0x0000000010008a28                get_reaction_position
 .text.set_event_position
                0x0000000010008a2c        0x4 core/libcore.a(pqueue.c.obj)
                0x0000000010008a2c                set_event_position
 .text.set_reaction_position
                0x0000000010008a30        0x4 core/libcore.a(pqueue.c.obj)
                0x0000000010008a30                set_reaction_position
 .text.print_reaction
                0x0000000010008a34        0x4 core/libcore.a(pqueue.c.obj)
                0x0000000010008a34                print_reaction
 .text.print_event
                0x0000000010008a38        0x4 core/libcore.a(pqueue.c.obj)
                0x0000000010008a38                print_event
 .text._lf_message_print
                0x0000000010008a3c       0xc0 core/libcore.a(util.c.obj)
                0x0000000010008a3c                _lf_message_print
 .text.lf_print
                0x0000000010008afc       0x88 core/libcore.a(util.c.obj)
                0x0000000010008afc                lf_print
 .text.lf_print_error
                0x0000000010008b84       0x88 core/libcore.a(util.c.obj)
                0x0000000010008b84                lf_print_error
 .text.lf_print_warning
                0x0000000010008c0c       0x88 core/libcore.a(util.c.obj)
                0x0000000010008c0c                lf_print_warning
 .text.lf_print_error_and_exit
                0x0000000010008c94       0x24 core/libcore.a(util.c.obj)
                0x0000000010008c94                lf_print_error_and_exit
 .text.lf_assert
                0x0000000010008cb8       0x2c core/libcore.a(util.c.obj)
                0x0000000010008cb8                lf_assert
 .text.hashset_num_items
                0x0000000010008ce4        0x4 core/libcore.a(hashset.c.obj)
                0x0000000010008ce4                hashset_num_items
 .text.hashset_destroy
                0x0000000010008ce8       0x18 core/libcore.a(hashset.c.obj)
                0x0000000010008ce8                hashset_destroy
 .text.hashset_create
                0x0000000010008d00       0x40 core/libcore.a(hashset.c.obj)
                0x0000000010008d00                hashset_create
 .text.hashset_add
                0x0000000010008d40      0x180 core/libcore.a(hashset.c.obj)
                0x0000000010008d40                hashset_add
 .text.hashset_remove
                0x0000000010008ec0       0x50 core/libcore.a(hashset.c.obj)
                0x0000000010008ec0                hashset_remove
 .text.hashset_iterator
                0x0000000010008f10       0x1c core/libcore.a(hashset_itr.c.obj)
                0x0000000010008f10                hashset_iterator
 .text.hashset_iterator_next
                0x0000000010008f2c       0x34 core/libcore.a(hashset_itr.c.obj)
                0x0000000010008f2c                hashset_iterator_next
 .text.hashset_iterator_value
                0x0000000010008f60        0xc core/libcore.a(hashset_itr.c.obj)
                0x0000000010008f60                hashset_iterator_value
 .text._lf_initialize_clock
                0x0000000010008f6c       0x20 core/libcore.a(lf_rp2040_support.c.obj)
                0x0000000010008f6c                _lf_initialize_clock
 .text._lf_clock_now
                0x0000000010008f8c       0x24 core/libcore.a(lf_rp2040_support.c.obj)
                0x0000000010008f8c                _lf_clock_now
 .text._lf_interruptable_sleep_until_locked
                0x0000000010008fb0       0x48 core/libcore.a(lf_rp2040_support.c.obj)
                0x0000000010008fb0                _lf_interruptable_sleep_until_locked
 .text.lf_disable_interrupts_nested
                0x0000000010008ff8       0x3c core/libcore.a(lf_rp2040_support.c.obj)
                0x0000000010008ff8                lf_disable_interrupts_nested
 .text.lf_enable_interrupts_nested
                0x0000000010009034       0x34 core/libcore.a(lf_rp2040_support.c.obj)
                0x0000000010009034                lf_enable_interrupts_nested
 .text._lf_unthreaded_notify_of_event
                0x0000000010009068       0x10 core/libcore.a(lf_rp2040_support.c.obj)
                0x0000000010009068                _lf_unthreaded_notify_of_event
 .text          0x0000000010009078       0x10 /usr/lib/gcc/arm-none-eabi/10.3.1/../../../arm-none-eabi/lib/thumb/v6-m/nofp/libc.a(lib_a-atexit.o)
                0x0000000010009078                atexit
 .text          0x0000000010009088       0x18 /usr/lib/gcc/arm-none-eabi/10.3.1/../../../arm-none-eabi/lib/thumb/v6-m/nofp/libc.a(lib_a-atoi.o)
                0x0000000010009088                atoi
                0x0000000010009094                _atoi_r
 .text          0x00000000100090a0       0x18 /usr/lib/gcc/arm-none-eabi/10.3.1/../../../arm-none-eabi/lib/thumb/v6-m/nofp/libc.a(lib_a-atoll.o)
                0x00000000100090a0                atoll
                0x00000000100090ac                _atoll_r
 .text          0x00000000100090b8       0x18 /usr/lib/gcc/arm-none-eabi/10.3.1/../../../arm-none-eabi/lib/thumb/v6-m/nofp/libc.a(lib_a-calloc.o)
                0x00000000100090b8                calloc
 .text          0x00000000100090d0       0x5c /usr/lib/gcc/arm-none-eabi/10.3.1/../../../arm-none-eabi/lib/thumb/v6-m/nofp/libc.a(lib_a-callocr.o)
                0x00000000100090d0                _calloc_r
 .text          0x000000001000912c       0x28 /usr/lib/gcc/arm-none-eabi/10.3.1/../../../arm-none-eabi/lib/thumb/v6-m/nofp/libc.a(lib_a-malloc.o)
                0x000000001000912c                malloc
                0x0000000010009140                free
 .text          0x0000000010009154      0x574 /usr/lib/gcc/arm-none-eabi/10.3.1/../../../arm-none-eabi/lib/thumb/v6-m/nofp/libc.a(lib_a-mallocr.o)
                0x0000000010009154                _malloc_r
 .text          0x00000000100096c8        0x8 /usr/lib/gcc/arm-none-eabi/10.3.1/../../../arm-none-eabi/lib/thumb/v6-m/nofp/libc.a(lib_a-mlock.o)
                0x00000000100096c8                __malloc_lock
                0x00000000100096cc                __malloc_unlock
 .text          0x00000000100096d0       0x18 /usr/lib/gcc/arm-none-eabi/10.3.1/../../../arm-none-eabi/lib/thumb/v6-m/nofp/libc.a(lib_a-realloc.o)
                0x00000000100096d0                realloc
 .text          0x00000000100096e8      0x354 /usr/lib/gcc/arm-none-eabi/10.3.1/../../../arm-none-eabi/lib/thumb/v6-m/nofp/libc.a(lib_a-reallocr.o)
                0x00000000100096e8                _realloc_r
 .text          0x0000000010009a3c       0x24 /usr/lib/gcc/arm-none-eabi/10.3.1/../../../arm-none-eabi/lib/thumb/v6-m/nofp/libc.a(lib_a-sbrkr.o)
                0x0000000010009a3c                _sbrk_r
 .text          0x0000000010009a60       0x88 /usr/lib/gcc/arm-none-eabi/10.3.1/../../../arm-none-eabi/lib/thumb/v6-m/nofp/libc.a(lib_a-strcmp.o)
                0x0000000010009a60                strcmp
 .text          0x0000000010009ae8       0x5c /usr/lib/gcc/arm-none-eabi/10.3.1/../../../arm-none-eabi/lib/thumb/v6-m/nofp/libc.a(lib_a-strlen-stub.o)
                0x0000000010009ae8                strlen
 .text          0x0000000010009b44       0x74 /usr/lib/gcc/arm-none-eabi/10.3.1/../../../arm-none-eabi/lib/thumb/v6-m/nofp/libc.a(lib_a-strncmp.o)
                0x0000000010009b44                strncmp
 .text          0x0000000010009bb8      0x1b8 /usr/lib/gcc/arm-none-eabi/10.3.1/../../../arm-none-eabi/lib/thumb/v6-m/nofp/libc.a(lib_a-strtol.o)
                0x0000000010009cfc                _strtol_r
                0x0000000010009d18                strtol_l
                0x0000000010009d44                strtol
 .text          0x0000000010009d70      0x1d0 /usr/lib/gcc/arm-none-eabi/10.3.1/../../../arm-none-eabi/lib/thumb/v6-m/nofp/libc.a(lib_a-strtoll.o)
                0x0000000010009f08                _strtoll_r
                0x0000000010009f10                strtoll_l
                0x0000000010009f28                strtoll
 .text          0x0000000010009f40     0x16e4 /usr/lib/gcc/arm-none-eabi/10.3.1/../../../arm-none-eabi/lib/thumb/v6-m/nofp/libc.a(lib_a-vfprintf.o)
                0x0000000010009f40                _vfprintf_r
                0x000000001000b598                vfprintf
 .text          0x000000001000b624       0xdc /usr/lib/gcc/arm-none-eabi/10.3.1/../../../arm-none-eabi/lib/thumb/v6-m/nofp/libc.a(lib_a-wsetup.o)
                0x000000001000b624                __swsetup_r
 .text          0x000000001000b700       0x88 /usr/lib/gcc/arm-none-eabi/10.3.1/../../../arm-none-eabi/lib/thumb/v6-m/nofp/libc.a(lib_a-__atexit.o)
                0x000000001000b700                __register_exitproc
 .text          0x000000001000b788     0x1104 /usr/lib/gcc/arm-none-eabi/10.3.1/../../../arm-none-eabi/lib/thumb/v6-m/nofp/libc.a(lib_a-dtoa.o)
                0x000000001000b8d0                _dtoa_r
 .text          0x000000001000c88c        0xc /usr/lib/gcc/arm-none-eabi/10.3.1/../../../arm-none-eabi/lib/thumb/v6-m/nofp/libc.a(lib_a-errno.o)
                0x000000001000c88c                __errno
 .text          0x000000001000c898      0x1c0 /usr/lib/gcc/arm-none-eabi/10.3.1/../../../arm-none-eabi/lib/thumb/v6-m/nofp/libc.a(lib_a-fflush.o)
                0x000000001000c898                __sflush_r
                0x000000001000c9d8                _fflush_r
                0x000000001000ca04                fflush
 .text          0x000000001000ca58      0x248 /usr/lib/gcc/arm-none-eabi/10.3.1/../../../arm-none-eabi/lib/thumb/v6-m/nofp/libc.a(lib_a-findfp.o)
                0x000000001000ca5c                _cleanup_r
                0x000000001000cb58                __sfmoreglue
                0x000000001000cb88                __sfp
                0x000000001000cc38                _cleanup
                0x000000001000cc50                __sinit
                0x000000001000cc60                __sfp_lock_acquire
                0x000000001000cc64                __sfp_lock_release
                0x000000001000cc68                __sinit_lock_acquire
                0x000000001000cc6c                __sinit_lock_release
                0x000000001000cc70                __fp_lock_all
                0x000000001000cc88                __fp_unlock_all
 .text          0x000000001000cca0      0x260 /usr/lib/gcc/arm-none-eabi/10.3.1/../../../arm-none-eabi/lib/thumb/v6-m/nofp/libc.a(lib_a-freer.o)
                0x000000001000cca0                _malloc_trim_r
                0x000000001000cd3c                _free_r
 .text          0x000000001000cf00       0x88 /usr/lib/gcc/arm-none-eabi/10.3.1/../../../arm-none-eabi/lib/thumb/v6-m/nofp/libc.a(lib_a-fwalk.o)
                0x000000001000cf00                _fwalk
                0x000000001000cf40                _fwalk_reent
 .text          0x000000001000cf88       0x14 /usr/lib/gcc/arm-none-eabi/10.3.1/../../../arm-none-eabi/lib/thumb/v6-m/nofp/libc.a(lib_a-localeconv.o)
                0x000000001000cf88                __localeconv_l
                0x000000001000cf8c                _localeconv_r
                0x000000001000cf94                localeconv
 .text          0x000000001000cf9c      0x144 /usr/lib/gcc/arm-none-eabi/10.3.1/../../../arm-none-eabi/lib/thumb/v6-m/nofp/libc.a(lib_a-makebuf.o)
                0x000000001000cf9c                __smakebuf_r
                0x000000001000d080                __swhatbuf_r
 .text          0x000000001000d0e0      0xafc /usr/lib/gcc/arm-none-eabi/10.3.1/../../../arm-none-eabi/lib/thumb/v6-m/nofp/libc.a(lib_a-mprec.o)
                0x000000001000d0e0                _Balloc
                0x000000001000d130                _Bfree
                0x000000001000d144                __multadd
                0x000000001000d1ec                __s2b
                0x000000001000d29c                __hi0bits
                0x000000001000d2d4                __lo0bits
                0x000000001000d330                __i2b
                0x000000001000d390                __multiply
                0x000000001000d534                __pow5mult
                0x000000001000d60c                __lshift
                0x000000001000d708                __mcmp
                0x000000001000d73c                __mdiff
                0x000000001000d8c8                __ulp
                0x000000001000d910                __b2d
                0x000000001000d9d8                __d2b
                0x000000001000dab0                __ratio
                0x000000001000db18                _mprec_log10
                0x000000001000db4c                __copybits
                0x000000001000db8c                __any_on
 .text          0x000000001000dbdc       0xa4 /usr/lib/gcc/arm-none-eabi/10.3.1/../../../arm-none-eabi/lib/thumb/v6-m/nofp/libc.a(lib_a-stdio.o)
                0x000000001000dbdc                __sread
                0x000000001000dc04                __seofread
                0x000000001000dc08                __swrite
                0x000000001000dc48                __sseek
                0x000000001000dc74                __sclose
 .text          0x000000001000dc80      0xdd8 /usr/lib/gcc/arm-none-eabi/10.3.1/../../../arm-none-eabi/lib/thumb/v6-m/nofp/libc.a(lib_a-vfiprintf.o)
                0x000000001000dd08                __sprint_r
                0x000000001000dd1c                _vfiprintf_r
                0x000000001000e9cc                vfiprintf
 .text          0x000000001000ea58       0x28 /usr/lib/gcc/arm-none-eabi/10.3.1/../../../arm-none-eabi/lib/thumb/v6-m/nofp/libc.a(lib_a-writer.o)
                0x000000001000ea58                _write_r
 .text          0x000000001000ea80       0x24 /usr/lib/gcc/arm-none-eabi/10.3.1/../../../arm-none-eabi/lib/thumb/v6-m/nofp/libc.a(lib_a-closer.o)
                0x000000001000ea80                _close_r
 .text          0x000000001000eaa4       0xe8 /usr/lib/gcc/arm-none-eabi/10.3.1/../../../arm-none-eabi/lib/thumb/v6-m/nofp/libc.a(lib_a-fclose.o)
                0x000000001000eb14                _fclose_r
                0x000000001000eb4c                fclose
 .text          0x000000001000eb8c       0xfc /usr/lib/gcc/arm-none-eabi/10.3.1/../../../arm-none-eabi/lib/thumb/v6-m/nofp/libc.a(lib_a-fputwc.o)
                0x000000001000eb8c                __fputwc
                0x000000001000ec24                _fputwc_r
                0x000000001000ec44                fputwc
 .text          0x000000001000ec88       0x28 /usr/lib/gcc/arm-none-eabi/10.3.1/../../../arm-none-eabi/lib/thumb/v6-m/nofp/libc.a(lib_a-fstatr.o)
                0x000000001000ec88                _fstat_r
 .text          0x000000001000ecb0      0x2f4 /usr/lib/gcc/arm-none-eabi/10.3.1/../../../arm-none-eabi/lib/thumb/v6-m/nofp/libc.a(lib_a-fvwrite.o)
                0x000000001000ecb0                __sfvwrite_r
 .text          0x000000001000efa4       0x24 /usr/lib/gcc/arm-none-eabi/10.3.1/../../../arm-none-eabi/lib/thumb/v6-m/nofp/libc.a(lib_a-isattyr.o)
                0x000000001000efa4                _isatty_r
 .text          0x000000001000efc8       0x98 /usr/lib/gcc/arm-none-eabi/10.3.1/../../../arm-none-eabi/lib/thumb/v6-m/nofp/libc.a(lib_a-locale.o)
                0x000000001000efc8                _setlocale_r
                0x000000001000f00c                __locale_mb_cur_max
                0x000000001000f01c                setlocale
 .text          0x000000001000f060       0x28 /usr/lib/gcc/arm-none-eabi/10.3.1/../../../arm-none-eabi/lib/thumb/v6-m/nofp/libc.a(lib_a-lseekr.o)
                0x000000001000f060                _lseek_r
 .text          0x000000001000f088       0x44 /usr/lib/gcc/arm-none-eabi/10.3.1/../../../arm-none-eabi/lib/thumb/v6-m/nofp/libc.a(lib_a-mbtowc_r.o)
                0x000000001000f088                _mbtowc_r
                0x000000001000f0a0                __ascii_mbtowc
 .text          0x000000001000f0cc       0x28 /usr/lib/gcc/arm-none-eabi/10.3.1/../../../arm-none-eabi/lib/thumb/v6-m/nofp/libc.a(lib_a-readr.o)
                0x000000001000f0cc                _read_r
 .text          0x000000001000f0f4       0xe0 /usr/lib/gcc/arm-none-eabi/10.3.1/../../../arm-none-eabi/lib/thumb/v6-m/nofp/libc.a(lib_a-wbuf.o)
                0x000000001000f0f4                __swbuf_r
                0x000000001000f1bc                __swbuf
 .text          0x000000001000f1d4       0x84 /usr/lib/gcc/arm-none-eabi/10.3.1/../../../arm-none-eabi/lib/thumb/v6-m/nofp/libc.a(lib_a-wcrtomb.o)
                0x000000001000f1d4                _wcrtomb_r
                0x000000001000f214                wcrtomb
 .text          0x000000001000f258       0x2c /usr/lib/gcc/arm-none-eabi/10.3.1/../../../arm-none-eabi/lib/thumb/v6-m/nofp/libc.a(lib_a-wctomb_r.o)
                0x000000001000f258                _wctomb_r
                0x000000001000f268                __ascii_wctomb
 *(.fini)
 .fini          0x000000001000f284        0x4 /usr/lib/gcc/arm-none-eabi/10.3.1/thumb/v6-m/nofp/crti.o
                0x000000001000f284                _fini
 .fini.__stub   0x000000001000f288      0x130 linker stubs
 *crtbegin.o(.ctors)
 *crtbegin?.o(.ctors)
 *(EXCLUDE_FILE(*crtend.o *crtend?.o) .ctors)
 *(SORT_BY_NAME(.ctors.*))
 *(.ctors)
 *crtbegin.o(.dtors)
 *crtbegin?.o(.dtors)
 *(EXCLUDE_FILE(*crtend.o *crtend?.o) .dtors)
 *(SORT_BY_NAME(.dtors.*))
 *(.dtors)
 *(.eh_frame*)
 .eh_frame      0x000000001000f3b8        0x0 /usr/lib/gcc/arm-none-eabi/10.3.1/thumb/v6-m/nofp/crtbegin.o
                0x000000001000f3b8                . = ALIGN (0x4)

.glue_7         0x000000001000f3b8        0x0
 .glue_7        0x000000001000f3b8        0x0 linker stubs

.glue_7t        0x000000001000f3b8        0x0
 .glue_7t       0x000000001000f3b8        0x0 linker stubs

.vfp11_veneer   0x000000001000f3b8        0x0
 .vfp11_veneer  0x000000001000f3b8        0x0 linker stubs

.v4_bx          0x000000001000f3b8        0x0
 .v4_bx         0x000000001000f3b8        0x0 linker stubs

.iplt           0x000000001000f3b8        0x0
 .iplt          0x000000001000f3b8        0x0 /usr/lib/gcc/arm-none-eabi/10.3.1/thumb/v6-m/nofp/crtbegin.o

.rodata         0x000000001000f3b8     0x14e4
 *(EXCLUDE_FILE(*libm.a: *libc.a:*lib_a-mem*.o *libgcc.a:) .rodata*)
 .rodata._interruptactionsolution_mainreaction_function_1.str1.4
                0x000000001000f3b8       0x1c CMakeFiles/InterruptActionSolution.dir/_interruptactionsolution_main.c.obj
 .rodata.new__interruptactionsolution_main.str1.4
                0x000000001000f3d4        0x2 CMakeFiles/InterruptActionSolution.dir/_interruptactionsolution_main.c.obj
 *fill*         0x000000001000f3d6        0x2 
 .rodata.str1.4
                0x000000001000f3d8       0x11 CMakeFiles/InterruptActionSolution.dir/InterruptActionSolution.c.obj
 *fill*         0x000000001000f3e9        0x3 
 .rodata.spin_lock_claim_unused.str1.4
                0x000000001000f3ec       0x1b CMakeFiles/InterruptActionSolution.dir/home/foobar/pico-sdk/src/rp2_common/hardware_sync/sync.c.obj
 *fill*         0x000000001000f407        0x1 
 .rodata.user_irq_claim_unused.str1.4
                0x000000001000f408       0x1b CMakeFiles/InterruptActionSolution.dir/home/foobar/pico-sdk/src/rp2_common/hardware_irq/irq.c.obj
 *fill*         0x000000001000f423        0x5 
 .rodata.at_the_end_of_time
                0x000000001000f428        0x8 CMakeFiles/InterruptActionSolution.dir/home/foobar/pico-sdk/src/common/pico_time/time.c.obj
                0x000000001000f428                at_the_end_of_time
 .rodata.hardware_alarm_claim.str1.4
                0x000000001000f430       0x22 CMakeFiles/InterruptActionSolution.dir/home/foobar/pico-sdk/src/rp2_common/hardware_timer/timer.c.obj
 *fill*         0x000000001000f452        0x2 
 .rodata.__assert_func.str1.4
                0x000000001000f454       0x3f CMakeFiles/InterruptActionSolution.dir/home/foobar/pico-sdk/src/rp2_common/pico_runtime/runtime.c.obj
                                         0x43 (size before relaxing)
 *fill*         0x000000001000f493        0x1 
 .rodata.panic.str1.4
                0x000000001000f494       0x10 CMakeFiles/InterruptActionSolution.dir/home/foobar/pico-sdk/src/rp2_common/pico_runtime/runtime.c.obj
                                         0x12 (size before relaxing)
 .rodata.hard_assertion_failure.str1.4
                0x000000001000f4a4        0xc CMakeFiles/InterruptActionSolution.dir/home/foobar/pico-sdk/src/rp2_common/pico_runtime/runtime.c.obj
 .rodata._ftoa.str1.4
                0x000000001000f4b0       0x15 CMakeFiles/InterruptActionSolution.dir/home/foobar/pico-sdk/src/rp2_common/pico_printf/printf.c.obj
 *fill*         0x000000001000f4c5        0x3 
 .rodata._vsnprintf
                0x000000001000f4c8      0x1e0 CMakeFiles/InterruptActionSolution.dir/home/foobar/pico-sdk/src/rp2_common/pico_printf/printf.c.obj
 .rodata.pow10.0
                0x000000001000f6a8       0x50 CMakeFiles/InterruptActionSolution.dir/home/foobar/pico-sdk/src/rp2_common/pico_printf/printf.c.obj
 .rodata.missing_double_func_shim.str1.4
                0x000000001000f6f8       0x18 CMakeFiles/InterruptActionSolution.dir/home/foobar/pico-sdk/src/rp2_common/pico_double/double_init_rom.c.obj
 .rodata.missing_float_func_shim.str1.4
                0x000000001000f710        0x1 CMakeFiles/InterruptActionSolution.dir/home/foobar/pico-sdk/src/rp2_common/pico_float/float_init_rom.c.obj
 .rodata.__wrap_malloc.str1.4
                0x000000001000f710        0xe CMakeFiles/InterruptActionSolution.dir/home/foobar/pico-sdk/src/rp2_common/pico_malloc/pico_malloc.c.obj
 *fill*         0x000000001000f71e        0x2 
 .rodata.str1.4
                0x000000001000f720       0x5c CMakeFiles/InterruptActionSolution.dir/home/foobar/pico-sdk/src/rp2_common/pico_standard_link/binary_info.c.obj
 .rodata.__bi_44
                0x000000001000f77c        0xc CMakeFiles/InterruptActionSolution.dir/home/foobar/pico-sdk/src/rp2_common/pico_standard_link/binary_info.c.obj
 .rodata.__bi_75
                0x000000001000f788        0xc CMakeFiles/InterruptActionSolution.dir/home/foobar/pico-sdk/src/rp2_common/pico_standard_link/binary_info.c.obj
 .rodata.__bi_81
                0x000000001000f794        0xc CMakeFiles/InterruptActionSolution.dir/home/foobar/pico-sdk/src/rp2_common/pico_standard_link/binary_info.c.obj
 .rodata.crlf_str.0
                0x000000001000f7a0        0x2 CMakeFiles/InterruptActionSolution.dir/home/foobar/pico-sdk/src/rp2_common/pico_stdio/stdio.c.obj
 *fill*         0x000000001000f7a2        0x2 
 .rodata._resetd_driver
                0x000000001000f7a4       0x18 CMakeFiles/InterruptActionSolution.dir/home/foobar/pico-sdk/src/rp2_common/pico_stdio_usb/reset_interface.c.obj
 .rodata.str1.4
                0x000000001000f7bc       0x13 CMakeFiles/InterruptActionSolution.dir/home/foobar/pico-sdk/src/rp2_common/pico_stdio_usb/stdio_usb.c.obj
 *fill*         0x000000001000f7cf        0x1 
 .rodata.__bi_182.0
                0x000000001000f7d0        0xc CMakeFiles/InterruptActionSolution.dir/home/foobar/pico-sdk/src/rp2_common/pico_stdio_usb/stdio_usb.c.obj
 .rodata.str1.4
                0x000000001000f7dc       0x2a CMakeFiles/InterruptActionSolution.dir/home/foobar/pico-sdk/src/rp2_common/pico_stdio_usb/stdio_usb_descriptors.c.obj
 *fill*         0x000000001000f806        0x2 
 .rodata.usbd_desc_cfg
                0x000000001000f808       0x54 CMakeFiles/InterruptActionSolution.dir/home/foobar/pico-sdk/src/rp2_common/pico_stdio_usb/stdio_usb_descriptors.c.obj
 .rodata.usbd_desc_device
                0x000000001000f85c       0x12 CMakeFiles/InterruptActionSolution.dir/home/foobar/pico-sdk/src/rp2_common/pico_stdio_usb/stdio_usb_descriptors.c.obj
 *fill*         0x000000001000f86e        0x2 
 .rodata.usbd_desc_str
                0x000000001000f870       0x18 CMakeFiles/InterruptActionSolution.dir/home/foobar/pico-sdk/src/rp2_common/pico_stdio_usb/stdio_usb_descriptors.c.obj
 .rodata.str1.4
                0x000000001000f888       0x14 CMakeFiles/InterruptActionSolution.dir/home/foobar/pico-sdk/lib/tinyusb/src/portable/raspberrypi/rp2040/dcd_rp2040.c.obj
 .rodata.str1.4
                0x000000001000f89c       0x50 CMakeFiles/InterruptActionSolution.dir/home/foobar/pico-sdk/lib/tinyusb/src/portable/raspberrypi/rp2040/rp2040_usb.c.obj
                                         0x53 (size before relaxing)
 .rodata.tud_task_ext
                0x000000001000f8ec       0x8c CMakeFiles/InterruptActionSolution.dir/home/foobar/pico-sdk/lib/tinyusb/src/device/usbd.c.obj
 .rodata._usbd_driver
                0x000000001000f978       0x18 CMakeFiles/InterruptActionSolution.dir/home/foobar/pico-sdk/lib/tinyusb/src/device/usbd.c.obj
 .rodata._lf_physical_time.str1.4
                0x000000001000f990       0x23 core/libcore.a(tag.c.obj)
 *fill*         0x000000001000f9b3        0x1 
 .rodata.lf_comma_separated_time.str1.4
                0x000000001000f9b4       0x14 core/libcore.a(tag.c.obj)
                                         0x18 (size before relaxing)
 .rodata._lf_allocate.str1.4
                0x000000001000f9c8        0xf core/libcore.a(reactor_common.c.obj)
 *fill*         0x000000001000f9d7        0x1 
 .rodata._lf_schedule.str1.4
                0x000000001000f9d8       0x6f core/libcore.a(reactor_common.c.obj)
 *fill*         0x000000001000fa47        0x1 
 .rodata._lf_schedule_token.str1.4
                0x000000001000fa48       0x45 core/libcore.a(reactor_common.c.obj)
 *fill*         0x000000001000fa8d        0x3 
 .rodata._lf_advance_logical_time.str1.4
                0x000000001000fa90       0x40 core/libcore.a(reactor_common.c.obj)
 .rodata.usage.str1.4
                0x000000001000fad0      0x248 core/libcore.a(reactor_common.c.obj)
                                        0x24a (size before relaxing)
 .rodata.process_args.str1.4
                0x000000001000fd18      0x1bb core/libcore.a(reactor_common.c.obj)
                                        0x1c3 (size before relaxing)
 *fill*         0x000000001000fed3        0x1 
 .rodata.termination.str1.4
                0x000000001000fed4      0x1ce core/libcore.a(reactor_common.c.obj)
 *fill*         0x00000000100100a2        0x2 
 .rodata._lf_free_token.part.0.str1.4
                0x00000000100100a4       0x78 core/libcore.a(lf_token.c.obj)
                                         0xbd (size before relaxing)
 .rodata._lf_get_token.str1.4
                0x000000001001011c       0x32 core/libcore.a(lf_token.c.obj)
 .rodata.environment_init.str1.4
                0x000000001001014e        0xe core/libcore.a(environment.c.obj)
 *fill*         0x000000001001014e        0x2 
 .rodata        0x0000000010010150       0x10 core/libcore.a(environment.c.obj)
 .rodata._lf_trigger_reaction.str1.4
                0x0000000010010160       0x2a core/libcore.a(reactor.c.obj)
 .rodata.next.str1.4
                0x000000001001018a       0x45 core/libcore.a(reactor.c.obj)
 *fill*         0x000000001001018a        0x2 
 .rodata.lf_reactor_c_main.str1.4
                0x000000001001018c       0x72 core/libcore.a(reactor.c.obj)
 *fill*         0x00000000100101fe        0x2 
 .rodata        0x0000000010010200       0x10 core/libcore.a(reactor.c.obj)
 .rodata.find_equal_same_priority.str1.4
                0x0000000010010210       0x3d core/libcore.a(pqueue.c.obj)
 *fill*         0x000000001001024d        0x3 
 .rodata._lf_message_print.str1.4
                0x0000000010010250       0x1b core/libcore.a(util.c.obj)
 .rodata.lf_print.str1.4
                0x000000001001026b        0x1 core/libcore.a(util.c.obj)
 *fill*         0x000000001001026b        0x1 
 .rodata.lf_print_error.str1.4
                0x000000001001026c        0x8 core/libcore.a(util.c.obj)
 .rodata.lf_print_warning.str1.4
                0x0000000010010274        0xa core/libcore.a(util.c.obj)
 *fill*         0x000000001001027e        0x2 
 .rodata.lf_print_error_and_exit.str1.4
                0x0000000010010280        0xe core/libcore.a(util.c.obj)
 *fill*         0x000000001001028e        0x2 
 .rodata        0x0000000010010290        0x4 /usr/lib/gcc/arm-none-eabi/10.3.1/../../../arm-none-eabi/lib/thumb/v6-m/nofp/libc.a(lib_a-impure.o)
                0x0000000010010290                _global_impure_ptr
 .rodata.str1.4
                0x0000000010010294       0x3b /usr/lib/gcc/arm-none-eabi/10.3.1/../../../arm-none-eabi/lib/thumb/v6-m/nofp/libc.a(lib_a-vfprintf.o)
                                         0x42 (size before relaxing)